main.cpp:148:6:void delay_us(uint16_t)	16	static
stm32f3xx_GPIO.hpp:24:2:LabGPIO_InitStruct::LabGPIO_InitStruct()	16	static
main.cpp:159:6:void AJ_I2C_Init_LSM303LDHC()	136	static
main.cpp:186:6:void AJ_I2C1_Init()	136	static
main.cpp:212:6:void AJ_I2C2_Init()	136	static
main.cpp:240:6:void I2C1_Master_Thread_LSM303LDHC(void*)	40	static
main.cpp:368:6:void I2C_HAL_LS303DLHC_Thread(void*)	48	static
main.cpp:397:6:void I2C1_Master_Thread(void*)	40	static
main.cpp:445:6:void I2C2_Slave_Thread(void*)	32	static
main.cpp:484:5:int main()	128	static
main.cpp:600:6:void SystemClock_Config()	128	static
main.cpp:644:13:void MX_I2C1_Init()	8	static
main.cpp:690:13:void MX_SPI1_Init()	8	static
main.cpp:730:13:void MX_USART1_UART_Init()	8	static
main.cpp:765:13:void MX_GPIO_Init()	24	static
main.cpp:786:6:void StartDefaultTask(void*)	24	static
main.cpp:809:6:void HAL_TIM_PeriodElapsedCallback(TIM_HandleTypeDef*)	16	static
main.cpp:826:6:void Error_Handler()	4	static,ignoring_inline_asm
