core_cm4.h:1688:22:void __NVIC_EnableIRQ(IRQn_Type)	16	static
core_cm4.h:1816:22:void __NVIC_SetPriority(IRQn_Type, uint32_t)	16	static
main.cpp:109:6:void SPI1_IRQHandler()	128	static
main.cpp:202:6:void delay_us(uint16_t)	16	static
stm32f3xx_GPIO.hpp:24:2:LabGPIO_InitStruct::LabGPIO_InitStruct()	16	static
main.cpp:208:6:void AJ_GPIO_Init()	72	static
main.cpp:234:6:void AJ_SPI_Init()	200	static
main.cpp:275:6:void SPI1_TX_Thread_NonBlocking(void*)	104	static
main.cpp:365:6:void SPI1_Init_L3GD20(void*)	120	static
main.cpp:559:6:void SPI1_HAL_TX(void*)	24	static
main.cpp:596:5:int main()	128	static
main.cpp:703:6:void SystemClock_Config()	128	static
main.cpp:746:13:void MX_SPI1_Init()	8	static
main.cpp:786:13:void MX_USART1_UART_Init()	8	static
main.cpp:821:13:void MX_GPIO_Init()	16	static
main.cpp:841:6:void StartDefaultTask(void*)	24	static
main.cpp:864:6:void HAL_TIM_PeriodElapsedCallback(TIM_HandleTypeDef*)	16	static
main.cpp:881:6:void Error_Handler()	4	static,ignoring_inline_asm
