spfd5408.c:123:6:spfd5408_Init	8	static
spfd5408.c:214:6:spfd5408_DisplayOn	8	static
spfd5408.c:238:6:spfd5408_DisplayOff	8	static
spfd5408.c:259:10:spfd5408_GetLcdPixelWidth	4	static
spfd5408.c:269:10:spfd5408_GetLcdPixelHeight	4	static
spfd5408.c:279:10:spfd5408_ReadID	8	static
spfd5408.c:292:6:spfd5408_SetCursor	16	static
spfd5408.c:305:6:spfd5408_WritePixel	16	static
spfd5408.c:322:10:spfd5408_ReadPixel	16	static
spfd5408.c:340:6:spfd5408_WriteReg	16	static
spfd5408.c:353:10:spfd5408_ReadReg	16	static
spfd5408.c:367:6:spfd5408_SetDisplayWindow	24	static
spfd5408.c:388:6:spfd5408_DrawHLine	32	static
spfd5408.c:416:6:spfd5408_DrawVLine	32	static
spfd5408.c:450:6:spfd5408_DrawBitmap	24	static
