ili9328.c:123:6:ili9328_Init	16	static
ili9328.c:199:6:ili9328_DisplayOn	8	static
ili9328.c:227:6:ili9328_DisplayOff	8	static
ili9328.c:247:10:ili9328_GetLcdPixelWidth	4	static
ili9328.c:257:10:ili9328_GetLcdPixelHeight	4	static
ili9328.c:267:10:ili9328_ReadID	8	static
ili9328.c:282:6:ili9328_SetCursor	16	static
ili9328.c:295:6:ili9328_WritePixel	16	static
ili9328.c:312:10:ili9328_ReadPixel	16	static
ili9328.c:333:6:ili9328_WriteReg	16	static
ili9328.c:346:10:ili9328_ReadReg	16	static
ili9328.c:363:6:ili9328_SetDisplayWindow	24	static
ili9328.c:384:6:ili9328_DrawHLine	32	static
ili9328.c:411:6:ili9328_DrawVLine	32	static
ili9328.c:436:6:ili9328_DrawBitmap	24	static
