Archive member included to satisfy reference by file (symbol)

/opt/st/stm32cubeide_1.8.0/plugins/com.st.stm32cube.ide.mcu.externaltools.gnu-tools-for-stm32.9-2020-q2-update.linux64_2.0.0.202105311346/tools/bin/../lib/gcc/arm-none-eabi/9.3.1/../../../../arm-none-eabi/lib/thumb/v7e-m+fp/hard/libc_nano.a(lib_a-errno.o)
                              ./Core/Src/syscalls.o (__errno)
/opt/st/stm32cubeide_1.8.0/plugins/com.st.stm32cube.ide.mcu.externaltools.gnu-tools-for-stm32.9-2020-q2-update.linux64_2.0.0.202105311346/tools/bin/../lib/gcc/arm-none-eabi/9.3.1/../../../../arm-none-eabi/lib/thumb/v7e-m+fp/hard/libc_nano.a(lib_a-exit.o)
                              /opt/st/stm32cubeide_1.8.0/plugins/com.st.stm32cube.ide.mcu.externaltools.gnu-tools-for-stm32.9-2020-q2-update.linux64_2.0.0.202105311346/tools/bin/../lib/gcc/arm-none-eabi/9.3.1/../../../../arm-none-eabi/lib/thumb/v7e-m+fp/hard/crt0.o (exit)
/opt/st/stm32cubeide_1.8.0/plugins/com.st.stm32cube.ide.mcu.externaltools.gnu-tools-for-stm32.9-2020-q2-update.linux64_2.0.0.202105311346/tools/bin/../lib/gcc/arm-none-eabi/9.3.1/../../../../arm-none-eabi/lib/thumb/v7e-m+fp/hard/libc_nano.a(lib_a-findfp.o)
                              ./Middlewares/Third_Party/FreeRTOS/Source/tasks.o (__sf_fake_stderr)
/opt/st/stm32cubeide_1.8.0/plugins/com.st.stm32cube.ide.mcu.externaltools.gnu-tools-for-stm32.9-2020-q2-update.linux64_2.0.0.202105311346/tools/bin/../lib/gcc/arm-none-eabi/9.3.1/../../../../arm-none-eabi/lib/thumb/v7e-m+fp/hard/libc_nano.a(lib_a-fwalk.o)
                              /opt/st/stm32cubeide_1.8.0/plugins/com.st.stm32cube.ide.mcu.externaltools.gnu-tools-for-stm32.9-2020-q2-update.linux64_2.0.0.202105311346/tools/bin/../lib/gcc/arm-none-eabi/9.3.1/../../../../arm-none-eabi/lib/thumb/v7e-m+fp/hard/libc_nano.a(lib_a-findfp.o) (_fwalk)
/opt/st/stm32cubeide_1.8.0/plugins/com.st.stm32cube.ide.mcu.externaltools.gnu-tools-for-stm32.9-2020-q2-update.linux64_2.0.0.202105311346/tools/bin/../lib/gcc/arm-none-eabi/9.3.1/../../../../arm-none-eabi/lib/thumb/v7e-m+fp/hard/libc_nano.a(lib_a-impure.o)
                              /opt/st/stm32cubeide_1.8.0/plugins/com.st.stm32cube.ide.mcu.externaltools.gnu-tools-for-stm32.9-2020-q2-update.linux64_2.0.0.202105311346/tools/bin/../lib/gcc/arm-none-eabi/9.3.1/../../../../arm-none-eabi/lib/thumb/v7e-m+fp/hard/libc_nano.a(lib_a-exit.o) (_global_impure_ptr)
/opt/st/stm32cubeide_1.8.0/plugins/com.st.stm32cube.ide.mcu.externaltools.gnu-tools-for-stm32.9-2020-q2-update.linux64_2.0.0.202105311346/tools/bin/../lib/gcc/arm-none-eabi/9.3.1/../../../../arm-none-eabi/lib/thumb/v7e-m+fp/hard/libc_nano.a(lib_a-init.o)
                              /opt/st/stm32cubeide_1.8.0/plugins/com.st.stm32cube.ide.mcu.externaltools.gnu-tools-for-stm32.9-2020-q2-update.linux64_2.0.0.202105311346/tools/bin/../lib/gcc/arm-none-eabi/9.3.1/../../../../arm-none-eabi/lib/thumb/v7e-m+fp/hard/crt0.o (__libc_init_array)
/opt/st/stm32cubeide_1.8.0/plugins/com.st.stm32cube.ide.mcu.externaltools.gnu-tools-for-stm32.9-2020-q2-update.linux64_2.0.0.202105311346/tools/bin/../lib/gcc/arm-none-eabi/9.3.1/../../../../arm-none-eabi/lib/thumb/v7e-m+fp/hard/libc_nano.a(lib_a-lock.o)
                              /opt/st/stm32cubeide_1.8.0/plugins/com.st.stm32cube.ide.mcu.externaltools.gnu-tools-for-stm32.9-2020-q2-update.linux64_2.0.0.202105311346/tools/bin/../lib/gcc/arm-none-eabi/9.3.1/../../../../arm-none-eabi/lib/thumb/v7e-m+fp/hard/libc_nano.a(lib_a-findfp.o) (__retarget_lock_init_recursive)
/opt/st/stm32cubeide_1.8.0/plugins/com.st.stm32cube.ide.mcu.externaltools.gnu-tools-for-stm32.9-2020-q2-update.linux64_2.0.0.202105311346/tools/bin/../lib/gcc/arm-none-eabi/9.3.1/../../../../arm-none-eabi/lib/thumb/v7e-m+fp/hard/libc_nano.a(lib_a-memcpy-stub.o)
                              ./Middlewares/Third_Party/FreeRTOS/Source/CMSIS_RTOS_V2/cmsis_os2.o (memcpy)
/opt/st/stm32cubeide_1.8.0/plugins/com.st.stm32cube.ide.mcu.externaltools.gnu-tools-for-stm32.9-2020-q2-update.linux64_2.0.0.202105311346/tools/bin/../lib/gcc/arm-none-eabi/9.3.1/../../../../arm-none-eabi/lib/thumb/v7e-m+fp/hard/libc_nano.a(lib_a-memset.o)
                              /opt/st/stm32cubeide_1.8.0/plugins/com.st.stm32cube.ide.mcu.externaltools.gnu-tools-for-stm32.9-2020-q2-update.linux64_2.0.0.202105311346/tools/bin/../lib/gcc/arm-none-eabi/9.3.1/../../../../arm-none-eabi/lib/thumb/v7e-m+fp/hard/crt0.o (memset)
/opt/st/stm32cubeide_1.8.0/plugins/com.st.stm32cube.ide.mcu.externaltools.gnu-tools-for-stm32.9-2020-q2-update.linux64_2.0.0.202105311346/tools/bin/../lib/gcc/arm-none-eabi/9.3.1/../../../../arm-none-eabi/lib/thumb/v7e-m+fp/hard/libc_nano.a(lib_a-nano-mallocr.o)
                              /opt/st/stm32cubeide_1.8.0/plugins/com.st.stm32cube.ide.mcu.externaltools.gnu-tools-for-stm32.9-2020-q2-update.linux64_2.0.0.202105311346/tools/bin/../lib/gcc/arm-none-eabi/9.3.1/../../../../arm-none-eabi/lib/thumb/v7e-m+fp/hard/libc_nano.a(lib_a-findfp.o) (_malloc_r)
[...]
Memory Configuration

Name             Origin             Length             Attributes
CCMRAM           0x0000000010000000 0x0000000000002000 xrw
RAM              0x0000000020000000 0x000000000000a000 xrw
FLASH            0x0000000008000000 0x0000000000040000 xr
*default*        0x0000000000000000 0xffffffffffffffff

Linker script and memory map

LOAD /opt/st/stm32cubeide_1.8.0/plugins/com.st.stm32cube.ide.mcu.externaltools.gnu-tools-for-stm32.9-2020-q2-update.linux64_2.0.0.202105311346/tools/bin/../lib/gcc/arm-none-eabi/9.3.1/thumb/v7e-m+fp/hard/crti.o
LOAD /opt/st/stm32cubeide_1.8.0/plugins/com.st.stm32cube.ide.mcu.externaltools.gnu-tools-for-stm32.9-2020-q2-update.linux64_2.0.0.202105311346/tools/bin/../lib/gcc/arm-none-eabi/9.3.1/thumb/v7e-m+fp/hard/crtbegin.o
LOAD /opt/st/stm32cubeide_1.8.0/plugins/com.st.stm32cube.ide.mcu.externaltools.gnu-tools-for-stm32.9-2020-q2-update.linux64_2.0.0.202105311346/tools/bin/../lib/gcc/arm-none-eabi/9.3.1/../../../../arm-none-eabi/lib/thumb/v7e-m+fp/hard/crt0.o
LOAD ./Core/Src/freertos.o
LOAD ./Core/Src/main.o
LOAD ./Core/Src/stm32f3xx_hal_msp.o
LOAD ./Core/Src/stm32f3xx_hal_timebase_tim.o
LOAD ./Core/Src/stm32f3xx_it.o
LOAD ./Core/Src/syscalls.o
LOAD ./Core/Src/sysmem.o
LOAD ./Core/Src/system_stm32f3xx.o
LOAD ./Core/Startup/startup_stm32f303vctx.o
LOAD ./Drivers/STM32F3xx_HAL_Driver/Src/stm32f3xx_hal.o
LOAD ./Drivers/STM32F3xx_HAL_Driver/Src/stm32f3xx_hal_cortex.o
LOAD ./Drivers/STM32F3xx_HAL_Driver/Src/stm32f3xx_hal_dma.o
LOAD ./Drivers/STM32F3xx_HAL_Driver/Src/stm32f3xx_hal_exti.o
LOAD ./Drivers/STM32F3xx_HAL_Driver/Src/stm32f3xx_hal_flash.o
LOAD ./Drivers/STM32F3xx_HAL_Driver/Src/stm32f3xx_hal_flash_ex.o
LOAD ./Drivers/STM32F3xx_HAL_Driver/Src/stm32f3xx_hal_gpio.o
LOAD ./Drivers/STM32F3xx_HAL_Driver/Src/stm32f3xx_hal_i2c.o
LOAD ./Drivers/STM32F3xx_HAL_Driver/Src/stm32f3xx_hal_i2c_ex.o
LOAD ./Drivers/STM32F3xx_HAL_Driver/Src/stm32f3xx_hal_pwr.o
LOAD ./Drivers/STM32F3xx_HAL_Driver/Src/stm32f3xx_hal_pwr_ex.o
LOAD ./Drivers/STM32F3xx_HAL_Driver/Src/stm32f3xx_hal_rcc.o
LOAD ./Drivers/STM32F3xx_HAL_Driver/Src/stm32f3xx_hal_rcc_ex.o
LOAD ./Drivers/STM32F3xx_HAL_Driver/Src/stm32f3xx_hal_tim.o
LOAD ./Drivers/STM32F3xx_HAL_Driver/Src/stm32f3xx_hal_tim_ex.o
LOAD ./Drivers/STM32F3xx_HAL_Driver/Src/stm32f3xx_hal_uart.o
LOAD ./Drivers/STM32F3xx_HAL_Driver/Src/stm32f3xx_hal_uart_ex.o
LOAD ./Middlewares/Third_Party/FreeRTOS/Source/CMSIS_RTOS_V2/cmsis_os2.o
LOAD ./Middlewares/Third_Party/FreeRTOS/Source/croutine.o
LOAD ./Middlewares/Third_Party/FreeRTOS/Source/event_groups.o
LOAD ./Middlewares/Third_Party/FreeRTOS/Source/list.o
LOAD ./Middlewares/Third_Party/FreeRTOS/Source/queue.o
LOAD ./Middlewares/Third_Party/FreeRTOS/Source/stream_buffer.o
LOAD ./Middlewares/Third_Party/FreeRTOS/Source/tasks.o
LOAD ./Middlewares/Third_Party/FreeRTOS/Source/timers.o
LOAD ./Middlewares/Third_Party/FreeRTOS/Source/portable/GCC/ARM_CM4F/port.o
LOAD ./Middlewares/Third_Party/FreeRTOS/Source/portable/MemMang/heap_4.o
START GROUP
LOAD /opt/st/stm32cubeide_1.8.0/plugins/com.st.stm32cube.ide.mcu.externaltools.gnu-tools-for-stm32.9-2020-q2-update.linux64_2.0.0.202105311346/tools/bin/../lib/gcc/arm-none-eabi/9.3.1/../../../../arm-none-eabi/lib/thumb/v7e-m+fp/hard/libstdc++_nano.a
LOAD /opt/st/stm32cubeide_1.8.0/plugins/com.st.stm32cube.ide.mcu.externaltools.gnu-tools-for-stm32.9-2020-q2-update.linux64_2.0.0.202105311346/tools/bin/../lib/gcc/arm-none-eabi/9.3.1/../../../../arm-none-eabi/lib/thumb/v7e-m+fp/hard/libsupc++_nano.a
END GROUP
LOAD /opt/st/stm32cubeide_1.8.0/plugins/com.st.stm32cube.ide.mcu.externaltools.gnu-tools-for-stm32.9-2020-q2-update.linux64_2.0.0.202105311346/tools/bin/../lib/gcc/arm-none-eabi/9.3.1/../../../../arm-none-eabi/lib/thumb/v7e-m+fp/hard/libstdc++_nano.a
LOAD /opt/st/stm32cubeide_1.8.0/plugins/com.st.stm32cube.ide.mcu.externaltools.gnu-tools-for-stm32.9-2020-q2-update.linux64_2.0.0.202105311346/tools/bin/../lib/gcc/arm-none-eabi/9.3.1/../../../../arm-none-eabi/lib/thumb/v7e-m+fp/hard/libm.a
LOAD /opt/st/stm32cubeide_1.8.0/plugins/com.st.stm32cube.ide.mcu.externaltools.gnu-tools-for-stm32.9-2020-q2-update.linux64_2.0.0.202105311346/tools/bin/../lib/gcc/arm-none-eabi/9.3.1/../../../../arm-none-eabi/lib/thumb/v7e-m+fp/hard/libc_nano.a
START GROUP
LOAD /opt/st/stm32cubeide_1.8.0/plugins/com.st.stm32cube.ide.mcu.externaltools.gnu-tools-for-stm32.9-2020-q2-update.linux64_2.0.0.202105311346/tools/bin/../lib/gcc/arm-none-eabi/9.3.1/thumb/v7e-m+fp/hard/libgcc.a
LOAD /opt/st/stm32cubeide_1.8.0/plugins/com.st.stm32cube.ide.mcu.externaltools.gnu-tools-for-stm32.9-2020-q2-update.linux64_2.0.0.202105311346/tools/bin/../lib/gcc/arm-none-eabi/9.3.1/../../../../arm-none-eabi/lib/thumb/v7e-m+fp/hard/libc_nano.a
END GROUP
START GROUP
LOAD /opt/st/stm32cubeide_1.8.0/plugins/com.st.stm32cube.ide.mcu.externaltools.gnu-tools-for-stm32.9-2020-q2-update.linux64_2.0.0.202105311346/tools/bin/../lib/gcc/arm-none-eabi/9.3.1/thumb/v7e-m+fp/hard/libgcc.a
LOAD /opt/st/stm32cubeide_1.8.0/plugins/com.st.stm32cube.ide.mcu.externaltools.gnu-tools-for-stm32.9-2020-q2-update.linux64_2.0.0.202105311346/tools/bin/../lib/gcc/arm-none-eabi/9.3.1/../../../../arm-none-eabi/lib/thumb/v7e-m+fp/hard/libc_nano.a
END GROUP
LOAD /opt/st/stm32cubeide_1.8.0/plugins/com.st.stm32cube.ide.mcu.externaltools.gnu-tools-for-stm32.9-2020-q2-update.linux64_2.0.0.202105311346/tools/bin/../lib/gcc/arm-none-eabi/9.3.1/thumb/v7e-m+fp/hard/crtend.o
LOAD /opt/st/stm32cubeide_1.8.0/plugins/com.st.stm32cube.ide.mcu.externaltools.gnu-tools-for-stm32.9-2020-q2-update.linux64_2.0.0.202105311346/tools/bin/../lib/gcc/arm-none-eabi/9.3.1/thumb/v7e-m+fp/hard/crtn.o
                0x000000002000a000                _estack = (ORIGIN (RAM) + LENGTH (RAM))
                0x0000000000000400                _Min_Heap_Size = 0x400
                0x0000000000000200                _Min_Stack_Size = 0x200

.isr_vector     0x0000000008000000      0x188
                0x0000000008000000                . = ALIGN (0x4)
 *(.isr_vector)
 .isr_vector    0x0000000008000000      0x188 ./Core/Startup/startup_stm32f303vctx.o
                0x0000000008000000                g_pfnVectors
                0x0000000008000188                . = ALIGN (0x4)

.text           0x0000000008000190     0x6ea0
                0x0000000008000190                . = ALIGN (0x4)
 *(.text)
 .text          0x0000000008000190       0x40 /opt/st/stm32cubeide_1.8.0/plugins/com.st.stm32cube.ide.mcu.externaltools.gnu-tools-for-stm32.9-2020-q2-update.linux64_2.0.0.202105311346/tools/bin/../lib/gcc/arm-none-eabi/9.3.1/thumb/v7e-m+fp/hard/crtbegin.o
 .text          0x00000000080001d0       0x10 /opt/st/stm32cubeide_1.8.0/plugins/com.st.stm32cube.ide.mcu.externaltools.gnu-tools-for-stm32.9-2020-q2-update.linux64_2.0.0.202105311346/tools/bin/../lib/gcc/arm-none-eabi/9.3.1/../../../../arm-none-eabi/lib/thumb/v7e-m+fp/hard/libc_nano.a(lib_a-strlen.o)
                0x00000000080001d0                strlen
 .text          0x00000000080001e0       0xa0 /opt/st/stm32cubeide_1.8.0/plugins/com.st.stm32cube.ide.mcu.externaltools.gnu-tools-for-stm32.9-2020-q2-update.linux64_2.0.0.202105311346/tools/bin/../lib/gcc/arm-none-eabi/9.3.1/../../../../arm-none-eabi/lib/thumb/v7e-m+fp/hard/libc_nano.a(lib_a-memchr.o)
                0x00000000080001e0                memchr
 *(.text*)
 .text._Z23SemphrChallengeProducerPv
                0x0000000008000280      0x178 ./Core/Src/main.o
                0x0000000008000280                SemphrChallengeProducer(void*)
 .text._Z23SemphrChallengeConsumerPv
                0x00000000080003f8      0x14c ./Core/Src/main.o
                0x00000000080003f8                SemphrChallengeConsumer(void*)
 .text.main     0x0000000008000544      0x4f8 ./Core/Src/main.o
                0x0000000008000544                main
 .text._Z18SystemClock_Configv
                0x0000000008000a3c       0xbe ./Core/Src/main.o
                0x0000000008000a3c                SystemClock_Config()
 *fill*         0x0000000008000afa        0x2 
 .text._ZL19MX_USART1_UART_Initv
                0x0000000008000afc       0x68 ./Core/Src/main.o
 .text.HAL_TIM_PeriodElapsedCallback
                0x0000000008000b64       0x24 ./Core/Src/main.o
                0x0000000008000b64                HAL_TIM_PeriodElapsedCallback
 .text.Error_Handler
                0x0000000008000b88        0xa ./Core/Src/main.o
                0x0000000008000b88                Error_Handler
 *fill*         0x0000000008000b92        0x2 
 .text.HAL_MspInit
                0x0000000008000b94       0x50 ./Core/Src/stm32f3xx_hal_msp.o
                0x0000000008000b94                HAL_MspInit
 .text.HAL_UART_MspInit
                0x0000000008000be4       0x88 ./Core/Src/stm32f3xx_hal_msp.o
                0x0000000008000be4                HAL_UART_MspInit
 .text.HAL_InitTick
                0x0000000008000c6c       0xac ./Core/Src/stm32f3xx_hal_timebase_tim.o
                0x0000000008000c6c                HAL_InitTick
 .text.NMI_Handler
                0x0000000008000d18        0x6 ./Core/Src/stm32f3xx_it.o
                0x0000000008000d18                NMI_Handler
 .text.HardFault_Handler
                0x0000000008000d1e        0x6 ./Core/Src/stm32f3xx_it.o
                0x0000000008000d1e                HardFault_Handler
 .text.MemManage_Handler
                0x0000000008000d24        0x6 ./Core/Src/stm32f3xx_it.o
                0x0000000008000d24                MemManage_Handler
 .text.BusFault_Handler
                0x0000000008000d2a        0x6 ./Core/Src/stm32f3xx_it.o
                0x0000000008000d2a                BusFault_Handler
 .text.UsageFault_Handler
                0x0000000008000d30        0x6 ./Core/Src/stm32f3xx_it.o
                0x0000000008000d30                UsageFault_Handler
 .text.DebugMon_Handler
                0x0000000008000d36        0xe ./Core/Src/stm32f3xx_it.o
                0x0000000008000d36                DebugMon_Handler
 .text.TIM1_UP_TIM16_IRQHandler
                0x0000000008000d44       0x14 ./Core/Src/stm32f3xx_it.o
                0x0000000008000d44                TIM1_UP_TIM16_IRQHandler
 .text._sbrk    0x0000000008000d58       0x6c ./Core/Src/sysmem.o
                0x0000000008000d58                _sbrk
 .text.SystemInit
                0x0000000008000dc4       0x24 ./Core/Src/system_stm32f3xx.o
                0x0000000008000dc4                SystemInit
 .text.Reset_Handler
                0x0000000008000de8       0x50 ./Core/Startup/startup_stm32f303vctx.o
                0x0000000008000de8                Reset_Handler
 .text.Default_Handler
                0x0000000008000e38        0x2 ./Core/Startup/startup_stm32f303vctx.o
                0x0000000008000e38                RTC_Alarm_IRQHandler
                0x0000000008000e38                TIM8_TRG_COM_IRQHandler
                0x0000000008000e38                TIM8_CC_IRQHandler
                0x0000000008000e38                TIM1_CC_IRQHandler
                0x0000000008000e38                USB_HP_IRQHandler
                0x0000000008000e38                PVD_IRQHandler
                0x0000000008000e38                TAMP_STAMP_IRQHandler
                0x0000000008000e38                EXTI3_IRQHandler
                0x0000000008000e38                USB_HP_CAN_TX_IRQHandler
                0x0000000008000e38                EXTI0_IRQHandler
                0x0000000008000e38                I2C2_EV_IRQHandler
                0x0000000008000e38                FPU_IRQHandler
                0x0000000008000e38                ADC1_2_IRQHandler
                0x0000000008000e38                SPI1_IRQHandler
                0x0000000008000e38                CAN_SCE_IRQHandler
                0x0000000008000e38                TIM6_DAC_IRQHandler
                0x0000000008000e38                TIM8_UP_IRQHandler
                0x0000000008000e38                DMA2_Channel2_IRQHandler
                0x0000000008000e38                DMA1_Channel4_IRQHandler
                0x0000000008000e38                USART3_IRQHandler
                0x0000000008000e38                DMA1_Channel7_IRQHandler
                0x0000000008000e38                UART5_IRQHandler
                0x0000000008000e38                ADC3_IRQHandler
                0x0000000008000e38                TIM4_IRQHandler
                0x0000000008000e38                CAN_RX1_IRQHandler
                0x0000000008000e38                DMA2_Channel1_IRQHandler
                0x0000000008000e38                I2C1_EV_IRQHandler
                0x0000000008000e38                DMA1_Channel6_IRQHandler
                0x0000000008000e38                UART4_IRQHandler
                0x0000000008000e38                DMA2_Channel4_IRQHandler
                0x0000000008000e38                TIM3_IRQHandler
                0x0000000008000e38                RCC_IRQHandler
                0x0000000008000e38                DMA1_Channel1_IRQHandler
                0x0000000008000e38                Default_Handler
                0x0000000008000e38                USBWakeUp_RMP_IRQHandler
                0x0000000008000e38                EXTI15_10_IRQHandler
                0x0000000008000e38                TIM7_IRQHandler
                0x0000000008000e38                EXTI9_5_IRQHandler
                0x0000000008000e38                RTC_WKUP_IRQHandler
                0x0000000008000e38                SPI2_IRQHandler
                0x0000000008000e38                USB_LP_CAN_RX0_IRQHandler
                0x0000000008000e38                DMA2_Channel5_IRQHandler
                0x0000000008000e38                DMA1_Channel5_IRQHandler
                0x0000000008000e38                USB_LP_IRQHandler
                0x0000000008000e38                EXTI4_IRQHandler
                0x0000000008000e38                TIM1_TRG_COM_TIM17_IRQHandler
                0x0000000008000e38                DMA1_Channel3_IRQHandler
                0x0000000008000e38                ADC4_IRQHandler
                0x0000000008000e38                WWDG_IRQHandler
                0x0000000008000e38                TIM2_IRQHandler
                0x0000000008000e38                COMP7_IRQHandler
                0x0000000008000e38                COMP1_2_3_IRQHandler
                0x0000000008000e38                EXTI1_IRQHandler
                0x0000000008000e38                USART2_IRQHandler
                0x0000000008000e38                COMP4_5_6_IRQHandler
                0x0000000008000e38                I2C2_ER_IRQHandler
                0x0000000008000e38                DMA1_Channel2_IRQHandler
                0x0000000008000e38                TIM8_BRK_IRQHandler
                0x0000000008000e38                FLASH_IRQHandler
                0x0000000008000e38                USART1_IRQHandler
                0x0000000008000e38                SPI3_IRQHandler
                0x0000000008000e38                I2C1_ER_IRQHandler
                0x0000000008000e38                USBWakeUp_IRQHandler
                0x0000000008000e38                DMA2_Channel3_IRQHandler
                0x0000000008000e38                EXTI2_TSC_IRQHandler
                0x0000000008000e38                TIM1_BRK_TIM15_IRQHandler
 *fill*         0x0000000008000e3a        0x2 
 .text.HAL_Init
                0x0000000008000e3c       0x2c ./Drivers/STM32F3xx_HAL_Driver/Src/stm32f3xx_hal.o
                0x0000000008000e3c                HAL_Init
 .text.HAL_IncTick
                0x0000000008000e68       0x28 ./Drivers/STM32F3xx_HAL_Driver/Src/stm32f3xx_hal.o
                0x0000000008000e68                HAL_IncTick
 .text.HAL_GetTick
                0x0000000008000e90       0x18 ./Drivers/STM32F3xx_HAL_Driver/Src/stm32f3xx_hal.o
                0x0000000008000e90                HAL_GetTick
 .text.__NVIC_SetPriorityGrouping
                0x0000000008000ea8       0x48 ./Drivers/STM32F3xx_HAL_Driver/Src/stm32f3xx_hal_cortex.o
 .text.__NVIC_GetPriorityGrouping
                0x0000000008000ef0       0x1c ./Drivers/STM32F3xx_HAL_Driver/Src/stm32f3xx_hal_cortex.o
 .text.__NVIC_EnableIRQ
                0x0000000008000f0c       0x3c ./Drivers/STM32F3xx_HAL_Driver/Src/stm32f3xx_hal_cortex.o
 .text.__NVIC_SetPriority
                0x0000000008000f48       0x54 ./Drivers/STM32F3xx_HAL_Driver/Src/stm32f3xx_hal_cortex.o
 .text.NVIC_EncodePriority
                0x0000000008000f9c       0x66 ./Drivers/STM32F3xx_HAL_Driver/Src/stm32f3xx_hal_cortex.o
 .text.HAL_NVIC_SetPriorityGrouping
                0x0000000008001002       0x16 ./Drivers/STM32F3xx_HAL_Driver/Src/stm32f3xx_hal_cortex.o
                0x0000000008001002                HAL_NVIC_SetPriorityGrouping
 .text.HAL_NVIC_SetPriority
                0x0000000008001018       0x38 ./Drivers/STM32F3xx_HAL_Driver/Src/stm32f3xx_hal_cortex.o
                0x0000000008001018                HAL_NVIC_SetPriority
 .text.HAL_NVIC_EnableIRQ
                0x0000000008001050       0x1c ./Drivers/STM32F3xx_HAL_Driver/Src/stm32f3xx_hal_cortex.o
                0x0000000008001050                HAL_NVIC_EnableIRQ
 .text.HAL_GPIO_Init
                0x000000000800106c      0x2f4 ./Drivers/STM32F3xx_HAL_Driver/Src/stm32f3xx_hal_gpio.o
                0x000000000800106c                HAL_GPIO_Init
 .text.HAL_RCC_OscConfig
                0x0000000008001360      0xe10 ./Drivers/STM32F3xx_HAL_Driver/Src/stm32f3xx_hal_rcc.o
                0x0000000008001360                HAL_RCC_OscConfig
 .text.HAL_RCC_ClockConfig
                0x0000000008002170      0x2f8 ./Drivers/STM32F3xx_HAL_Driver/Src/stm32f3xx_hal_rcc.o
                0x0000000008002170                HAL_RCC_ClockConfig
 .text.HAL_RCC_GetSysClockFreq
                0x0000000008002468       0xd4 ./Drivers/STM32F3xx_HAL_Driver/Src/stm32f3xx_hal_rcc.o
                0x0000000008002468                HAL_RCC_GetSysClockFreq
 .text.HAL_RCC_GetHCLKFreq
                0x000000000800253c       0x18 ./Drivers/STM32F3xx_HAL_Driver/Src/stm32f3xx_hal_rcc.o
                0x000000000800253c                HAL_RCC_GetHCLKFreq
 .text.HAL_RCC_GetPCLK1Freq
                0x0000000008002554       0x44 ./Drivers/STM32F3xx_HAL_Driver/Src/stm32f3xx_hal_rcc.o
                0x0000000008002554                HAL_RCC_GetPCLK1Freq
 .text.HAL_RCC_GetPCLK2Freq
                0x0000000008002598       0x44 ./Drivers/STM32F3xx_HAL_Driver/Src/stm32f3xx_hal_rcc.o
                0x0000000008002598                HAL_RCC_GetPCLK2Freq
 .text.HAL_RCC_GetClockConfig
                0x00000000080025dc       0x64 ./Drivers/STM32F3xx_HAL_Driver/Src/stm32f3xx_hal_rcc.o
                0x00000000080025dc                HAL_RCC_GetClockConfig
 .text.HAL_RCCEx_PeriphCLKConfig
                0x0000000008002640      0x360 ./Drivers/STM32F3xx_HAL_Driver/Src/stm32f3xx_hal_rcc_ex.o
                0x0000000008002640                HAL_RCCEx_PeriphCLKConfig
 .text.HAL_TIM_Base_Init
                0x00000000080029a0       0xae ./Drivers/STM32F3xx_HAL_Driver/Src/stm32f3xx_hal_tim.o
                0x00000000080029a0                HAL_TIM_Base_Init
 .text.HAL_TIM_Base_MspInit
                0x0000000008002a4e       0x14 ./Drivers/STM32F3xx_HAL_Driver/Src/stm32f3xx_hal_tim.o
                0x0000000008002a4e                HAL_TIM_Base_MspInit
 *fill*         0x0000000008002a62        0x2 
 .text.HAL_TIM_Base_Start_IT
                0x0000000008002a64       0xd4 ./Drivers/STM32F3xx_HAL_Driver/Src/stm32f3xx_hal_tim.o
                0x0000000008002a64                HAL_TIM_Base_Start_IT
 .text.HAL_TIM_IRQHandler
                0x0000000008002b38      0x23e ./Drivers/STM32F3xx_HAL_Driver/Src/stm32f3xx_hal_tim.o
                0x0000000008002b38                HAL_TIM_IRQHandler
 .text.HAL_TIM_OC_DelayElapsedCallback
                0x0000000008002d76       0x14 ./Drivers/STM32F3xx_HAL_Driver/Src/stm32f3xx_hal_tim.o
                0x0000000008002d76                HAL_TIM_OC_DelayElapsedCallback
 .text.HAL_TIM_IC_CaptureCallback
                0x0000000008002d8a       0x14 ./Drivers/STM32F3xx_HAL_Driver/Src/stm32f3xx_hal_tim.o
                0x0000000008002d8a                HAL_TIM_IC_CaptureCallback
 .text.HAL_TIM_PWM_PulseFinishedCallback
                0x0000000008002d9e       0x14 ./Drivers/STM32F3xx_HAL_Driver/Src/stm32f3xx_hal_tim.o
                0x0000000008002d9e                HAL_TIM_PWM_PulseFinishedCallback
 .text.HAL_TIM_TriggerCallback
                0x0000000008002db2       0x14 ./Drivers/STM32F3xx_HAL_Driver/Src/stm32f3xx_hal_tim.o
                0x0000000008002db2                HAL_TIM_TriggerCallback
 *fill*         0x0000000008002dc6        0x2 
 .text.TIM_Base_SetConfig
                0x0000000008002dc8      0x120 ./Drivers/STM32F3xx_HAL_Driver/Src/stm32f3xx_hal_tim.o
                0x0000000008002dc8                TIM_Base_SetConfig
 .text.HAL_TIMEx_CommutCallback
                0x0000000008002ee8       0x14 ./Drivers/STM32F3xx_HAL_Driver/Src/stm32f3xx_hal_tim_ex.o
                0x0000000008002ee8                HAL_TIMEx_CommutCallback
 .text.HAL_TIMEx_BreakCallback
                0x0000000008002efc       0x14 ./Drivers/STM32F3xx_HAL_Driver/Src/stm32f3xx_hal_tim_ex.o
                0x0000000008002efc                HAL_TIMEx_BreakCallback
 .text.HAL_TIMEx_Break2Callback
                0x0000000008002f10       0x14 ./Drivers/STM32F3xx_HAL_Driver/Src/stm32f3xx_hal_tim_ex.o
                0x0000000008002f10                HAL_TIMEx_Break2Callback
 .text.HAL_UART_Init
                0x0000000008002f24       0x9c ./Drivers/STM32F3xx_HAL_Driver/Src/stm32f3xx_hal_uart.o
                0x0000000008002f24                HAL_UART_Init
 .text.HAL_UART_Transmit
                0x0000000008002fc0      0x128 ./Drivers/STM32F3xx_HAL_Driver/Src/stm32f3xx_hal_uart.o
                0x0000000008002fc0                HAL_UART_Transmit
 .text.UART_SetConfig
                0x00000000080030e8      0x3a8 ./Drivers/STM32F3xx_HAL_Driver/Src/stm32f3xx_hal_uart.o
                0x00000000080030e8                UART_SetConfig
 .text.UART_AdvFeatureConfig
                0x0000000008003490      0x144 ./Drivers/STM32F3xx_HAL_Driver/Src/stm32f3xx_hal_uart.o
                0x0000000008003490                UART_AdvFeatureConfig
 .text.UART_CheckIdleState
                0x00000000080035d4       0x92 ./Drivers/STM32F3xx_HAL_Driver/Src/stm32f3xx_hal_uart.o
                0x00000000080035d4                UART_CheckIdleState
 .text.UART_WaitOnFlagUntilTimeout
                0x0000000008003666      0x188 ./Drivers/STM32F3xx_HAL_Driver/Src/stm32f3xx_hal_uart.o
                0x0000000008003666                UART_WaitOnFlagUntilTimeout
 *fill*         0x00000000080037ee        0x2 
 .text.vApplicationGetIdleTaskMemory
                0x00000000080037f0       0x34 ./Middlewares/Third_Party/FreeRTOS/Source/CMSIS_RTOS_V2/cmsis_os2.o
                0x00000000080037f0                vApplicationGetIdleTaskMemory
 .text.vApplicationGetTimerTaskMemory
                0x0000000008003824       0x34 ./Middlewares/Third_Party/FreeRTOS/Source/CMSIS_RTOS_V2/cmsis_os2.o
                0x0000000008003824                vApplicationGetTimerTaskMemory
 .text.vListInitialise
                0x0000000008003858       0x40 ./Middlewares/Third_Party/FreeRTOS/Source/list.o
                0x0000000008003858                vListInitialise
 .text.vListInitialiseItem
                0x0000000008003898       0x1a ./Middlewares/Third_Party/FreeRTOS/Source/list.o
                0x0000000008003898                vListInitialiseItem
 .text.vListInsertEnd
                0x00000000080038b2       0x48 ./Middlewares/Third_Party/FreeRTOS/Source/list.o
                0x00000000080038b2                vListInsertEnd
 .text.vListInsert
                0x00000000080038fa       0x72 ./Middlewares/Third_Party/FreeRTOS/Source/list.o
                0x00000000080038fa                vListInsert
 .text.uxListRemove
                0x000000000800396c       0x54 ./Middlewares/Third_Party/FreeRTOS/Source/list.o
                0x000000000800396c                uxListRemove
 .text.xQueueGenericReset
                0x00000000080039c0       0xd0 ./Middlewares/Third_Party/FreeRTOS/Source/queue.o
                0x00000000080039c0                xQueueGenericReset
 .text.xQueueGenericCreateStatic
                0x0000000008003a90       0xee ./Middlewares/Third_Party/FreeRTOS/Source/queue.o
                0x0000000008003a90                xQueueGenericCreateStatic
 .text.xQueueGenericCreate
                0x0000000008003b7e       0x7c ./Middlewares/Third_Party/FreeRTOS/Source/queue.o
                0x0000000008003b7e                xQueueGenericCreate
 .text.prvInitialiseNewQueue
                0x0000000008003bfa       0x46 ./Middlewares/Third_Party/FreeRTOS/Source/queue.o
 .text.prvInitialiseMutex
                0x0000000008003c40       0x34 ./Middlewares/Third_Party/FreeRTOS/Source/queue.o
 .text.xQueueCreateMutex
                0x0000000008003c74       0x30 ./Middlewares/Third_Party/FreeRTOS/Source/queue.o
                0x0000000008003c74                xQueueCreateMutex
 .text.xQueueCreateCountingSemaphore
                0x0000000008003ca4       0x66 ./Middlewares/Third_Party/FreeRTOS/Source/queue.o
                0x0000000008003ca4                xQueueCreateCountingSemaphore
 *fill*         0x0000000008003d0a        0x2 
 .text.xQueueGenericSend
                0x0000000008003d0c      0x1fc ./Middlewares/Third_Party/FreeRTOS/Source/queue.o
                0x0000000008003d0c                xQueueGenericSend
 .text.xQueueGenericSendFromISR
                0x0000000008003f08      0x130 ./Middlewares/Third_Party/FreeRTOS/Source/queue.o
                0x0000000008003f08                xQueueGenericSendFromISR
 .text.xQueueReceive
                0x0000000008004038      0x1c0 ./Middlewares/Third_Party/FreeRTOS/Source/queue.o
                0x0000000008004038                xQueueReceive
 .text.xQueueSemaphoreTake
                0x00000000080041f8      0x218 ./Middlewares/Third_Party/FreeRTOS/Source/queue.o
                0x00000000080041f8                xQueueSemaphoreTake
 .text.prvGetDisinheritPriorityAfterTimeout
                0x0000000008004410       0x30 ./Middlewares/Third_Party/FreeRTOS/Source/queue.o
 .text.prvCopyDataToQueue
                0x0000000008004440       0xd4 ./Middlewares/Third_Party/FreeRTOS/Source/queue.o
 .text.prvCopyDataFromQueue
                0x0000000008004514       0x4c ./Middlewares/Third_Party/FreeRTOS/Source/queue.o
 .text.prvUnlockQueue
                0x0000000008004560       0xa4 ./Middlewares/Third_Party/FreeRTOS/Source/queue.o
 .text.prvIsQueueEmpty
                0x0000000008004604       0x2c ./Middlewares/Third_Party/FreeRTOS/Source/queue.o
 .text.prvIsQueueFull
                0x0000000008004630       0x30 ./Middlewares/Third_Party/FreeRTOS/Source/queue.o
 .text.vQueueAddToRegistry
                0x0000000008004660       0x54 ./Middlewares/Third_Party/FreeRTOS/Source/queue.o
                0x0000000008004660                vQueueAddToRegistry
 .text.vQueueWaitForMessageRestricted
                0x00000000080046b4       0x68 ./Middlewares/Third_Party/FreeRTOS/Source/queue.o
                0x00000000080046b4                vQueueWaitForMessageRestricted
 .text.xTaskCreateStatic
                0x000000000800471c       0xb8 ./Middlewares/Third_Party/FreeRTOS/Source/tasks.o
                0x000000000800471c                xTaskCreateStatic
 .text.xTaskCreate
                0x00000000080047d4       0x8a ./Middlewares/Third_Party/FreeRTOS/Source/tasks.o
                0x00000000080047d4                xTaskCreate
 *fill*         0x000000000800485e        0x2 
 .text.prvInitialiseNewTask
                0x0000000008004860      0x13c ./Middlewares/Third_Party/FreeRTOS/Source/tasks.o
 .text.prvAddNewTaskToReadyList
                0x000000000800499c       0xe0 ./Middlewares/Third_Party/FreeRTOS/Source/tasks.o
 .text.vTaskDelete
                0x0000000008004a7c       0xe4 ./Middlewares/Third_Party/FreeRTOS/Source/tasks.o
                0x0000000008004a7c                vTaskDelete
 .text.vTaskStartScheduler
                0x0000000008004b60       0xe0 ./Middlewares/Third_Party/FreeRTOS/Source/tasks.o
                0x0000000008004b60                vTaskStartScheduler
 .text.vTaskSuspendAll
                0x0000000008004c40       0x1c ./Middlewares/Third_Party/FreeRTOS/Source/tasks.o
                0x0000000008004c40                vTaskSuspendAll
 .text.xTaskResumeAll
                0x0000000008004c5c      0x13c ./Middlewares/Third_Party/FreeRTOS/Source/tasks.o
                0x0000000008004c5c                xTaskResumeAll
 .text.xTaskGetTickCount
                0x0000000008004d98       0x20 ./Middlewares/Third_Party/FreeRTOS/Source/tasks.o
                0x0000000008004d98                xTaskGetTickCount
 .text.xTaskIncrementTick
                0x0000000008004db8      0x17c ./Middlewares/Third_Party/FreeRTOS/Source/tasks.o
                0x0000000008004db8                xTaskIncrementTick
 .text.vTaskSwitchContext
                0x0000000008004f34       0xc8 ./Middlewares/Third_Party/FreeRTOS/Source/tasks.o
                0x0000000008004f34                vTaskSwitchContext
 .text.vTaskPlaceOnEventList
                0x0000000008004ffc       0x48 ./Middlewares/Third_Party/FreeRTOS/Source/tasks.o
                0x0000000008004ffc                vTaskPlaceOnEventList
 .text.vTaskPlaceOnEventListRestricted
                0x0000000008005044       0x58 ./Middlewares/Third_Party/FreeRTOS/Source/tasks.o
                0x0000000008005044                vTaskPlaceOnEventListRestricted
 .text.xTaskRemoveFromEventList
                0x000000000800509c       0xc8 ./Middlewares/Third_Party/FreeRTOS/Source/tasks.o
                0x000000000800509c                xTaskRemoveFromEventList
 .text.vTaskInternalSetTimeOutState
                0x0000000008005164       0x2c ./Middlewares/Third_Party/FreeRTOS/Source/tasks.o
                0x0000000008005164                vTaskInternalSetTimeOutState
 .text.xTaskCheckForTimeOut
                0x0000000008005190       0xc4 ./Middlewares/Third_Party/FreeRTOS/Source/tasks.o
                0x0000000008005190                xTaskCheckForTimeOut
 .text.vTaskMissedYield
                0x0000000008005254       0x18 ./Middlewares/Third_Party/FreeRTOS/Source/tasks.o
                0x0000000008005254                vTaskMissedYield
 .text.prvIdleTask
                0x000000000800526c       0x30 ./Middlewares/Third_Party/FreeRTOS/Source/tasks.o
 .text.prvInitialiseTaskLists
                0x000000000800529c       0x80 ./Middlewares/Third_Party/FreeRTOS/Source/tasks.o
 .text.prvCheckTasksWaitingTermination
                0x000000000800531c       0x5c ./Middlewares/Third_Party/FreeRTOS/Source/tasks.o
 .text.prvDeleteTCB
                0x0000000008005378       0x68 ./Middlewares/Third_Party/FreeRTOS/Source/tasks.o
 .text.prvResetNextTaskUnblockTime
                0x00000000080053e0       0x4c ./Middlewares/Third_Party/FreeRTOS/Source/tasks.o
 .text.xTaskGetSchedulerState
                0x000000000800542c       0x3c ./Middlewares/Third_Party/FreeRTOS/Source/tasks.o
                0x000000000800542c                xTaskGetSchedulerState
 .text.xTaskPriorityInherit
                0x0000000008005468       0xdc ./Middlewares/Third_Party/FreeRTOS/Source/tasks.o
                0x0000000008005468                xTaskPriorityInherit
 .text.xTaskPriorityDisinherit
                0x0000000008005544       0xdc ./Middlewares/Third_Party/FreeRTOS/Source/tasks.o
                0x0000000008005544                xTaskPriorityDisinherit
 .text.vTaskPriorityDisinheritAfterTimeout
                0x0000000008005620      0x10c ./Middlewares/Third_Party/FreeRTOS/Source/tasks.o
                0x0000000008005620                vTaskPriorityDisinheritAfterTimeout
 .text.pvTaskIncrementMutexHeldCount
                0x000000000800572c       0x28 ./Middlewares/Third_Party/FreeRTOS/Source/tasks.o
                0x000000000800572c                pvTaskIncrementMutexHeldCount
 .text.prvAddCurrentTaskToDelayedList
                0x0000000008005754       0xa8 ./Middlewares/Third_Party/FreeRTOS/Source/tasks.o
 .text.xTimerCreateTimerTask
                0x00000000080057fc       0x90 ./Middlewares/Third_Party/FreeRTOS/Source/timers.o
                0x00000000080057fc                xTimerCreateTimerTask
 .text.xTimerGenericCommand
                0x000000000800588c       0x9c ./Middlewares/Third_Party/FreeRTOS/Source/timers.o
                0x000000000800588c                xTimerGenericCommand
 .text.prvProcessExpiredTimer
                0x0000000008005928       0x80 ./Middlewares/Third_Party/FreeRTOS/Source/timers.o
 .text.prvTimerTask
                0x00000000080059a8       0x24 ./Middlewares/Third_Party/FreeRTOS/Source/timers.o
 .text.prvProcessTimerOrBlockTask
                0x00000000080059cc       0x9c ./Middlewares/Third_Party/FreeRTOS/Source/timers.o
 .text.prvGetNextExpireTime
                0x0000000008005a68       0x48 ./Middlewares/Third_Party/FreeRTOS/Source/timers.o
 .text.prvSampleTimeNow
                0x0000000008005ab0       0x40 ./Middlewares/Third_Party/FreeRTOS/Source/timers.o
 .text.prvInsertTimerInActiveList
                0x0000000008005af0       0x84 ./Middlewares/Third_Party/FreeRTOS/Source/timers.o
 .text.prvProcessReceivedCommands
                0x0000000008005b74      0x168 ./Middlewares/Third_Party/FreeRTOS/Source/timers.o
 .text.prvSwitchTimerLists
                0x0000000008005cdc       0xc4 ./Middlewares/Third_Party/FreeRTOS/Source/timers.o
 .text.prvCheckForValidListAndQueue
                0x0000000008005da0       0x80 ./Middlewares/Third_Party/FreeRTOS/Source/timers.o
 .text.pxPortInitialiseStack
                0x0000000008005e20       0x68 ./Middlewares/Third_Party/FreeRTOS/Source/portable/GCC/ARM_CM4F/port.o
                0x0000000008005e20                pxPortInitialiseStack
 .text.prvTaskExitError
                0x0000000008005e88       0x58 ./Middlewares/Third_Party/FreeRTOS/Source/portable/GCC/ARM_CM4F/port.o
 .text.SVC_Handler
                0x0000000008005ee0       0x28 ./Middlewares/Third_Party/FreeRTOS/Source/portable/GCC/ARM_CM4F/port.o
                0x0000000008005ee0                SVC_Handler
 .text.prvPortStartFirstTask
                0x0000000008005f08       0x28 ./Middlewares/Third_Party/FreeRTOS/Source/portable/GCC/ARM_CM4F/port.o
 .text.xPortStartScheduler
                0x0000000008005f30      0x144 ./Middlewares/Third_Party/FreeRTOS/Source/portable/GCC/ARM_CM4F/port.o
                0x0000000008005f30                xPortStartScheduler
 .text.vPortEnterCritical
                0x0000000008006074       0x60 ./Middlewares/Third_Party/FreeRTOS/Source/portable/GCC/ARM_CM4F/port.o
                0x0000000008006074                vPortEnterCritical
 .text.vPortExitCritical
                0x00000000080060d4       0x54 ./Middlewares/Third_Party/FreeRTOS/Source/portable/GCC/ARM_CM4F/port.o
                0x00000000080060d4                vPortExitCritical
 *fill*         0x0000000008006128        0x8 
 .text.PendSV_Handler
                0x0000000008006130       0x68 ./Middlewares/Third_Party/FreeRTOS/Source/portable/GCC/ARM_CM4F/port.o
                0x0000000008006130                PendSV_Handler
 .text.SysTick_Handler
                0x0000000008006198       0x44 ./Middlewares/Third_Party/FreeRTOS/Source/portable/GCC/ARM_CM4F/port.o
                0x0000000008006198                SysTick_Handler
 .text.vPortSetupTimerInterrupt
                0x00000000080061dc       0x48 ./Middlewares/Third_Party/FreeRTOS/Source/portable/GCC/ARM_CM4F/port.o
                0x00000000080061dc                vPortSetupTimerInterrupt
 .text.vPortEnableVFP
                0x0000000008006224       0x14 ./Middlewares/Third_Party/FreeRTOS/Source/portable/GCC/ARM_CM4F/port.o
 .text.vPortValidateInterruptPriority
                0x0000000008006238       0x80 ./Middlewares/Third_Party/FreeRTOS/Source/portable/GCC/ARM_CM4F/port.o
                0x0000000008006238                vPortValidateInterruptPriority
 .text.pvPortMalloc
                0x00000000080062b8      0x188 ./Middlewares/Third_Party/FreeRTOS/Source/portable/MemMang/heap_4.o
                0x00000000080062b8                pvPortMalloc
 .text.vPortFree
                0x0000000008006440       0xb4 ./Middlewares/Third_Party/FreeRTOS/Source/portable/MemMang/heap_4.o
                0x0000000008006440                vPortFree
 .text.xPortGetFreeHeapSize
                0x00000000080064f4       0x18 ./Middlewares/Third_Party/FreeRTOS/Source/portable/MemMang/heap_4.o
                0x00000000080064f4                xPortGetFreeHeapSize
 .text.prvHeapInit
                0x000000000800650c       0xc4 ./Middlewares/Third_Party/FreeRTOS/Source/portable/MemMang/heap_4.o
 .text.prvInsertBlockIntoFreeList
                0x00000000080065d0       0xb4 ./Middlewares/Third_Party/FreeRTOS/Source/portable/MemMang/heap_4.o
 .text.__errno  0x0000000008006684        0xc /opt/st/stm32cubeide_1.8.0/plugins/com.st.stm32cube.ide.mcu.externaltools.gnu-tools-for-stm32.9-2020-q2-update.linux64_2.0.0.202105311346/tools/bin/../lib/gcc/arm-none-eabi/9.3.1/../../../../arm-none-eabi/lib/thumb/v7e-m+fp/hard/libc_nano.a(lib_a-errno.o)
                0x0000000008006684                __errno
 .text.__libc_init_array
                0x0000000008006690       0x48 /opt/st/stm32cubeide_1.8.0/plugins/com.st.stm32cube.ide.mcu.externaltools.gnu-tools-for-stm32.9-2020-q2-update.linux64_2.0.0.202105311346/tools/bin/../lib/gcc/arm-none-eabi/9.3.1/../../../../arm-none-eabi/lib/thumb/v7e-m+fp/hard/libc_nano.a(lib_a-init.o)
                0x0000000008006690                __libc_init_array
 .text.__retarget_lock_acquire_recursive
                0x00000000080066d8        0x2 /opt/st/stm32cubeide_1.8.0/plugins/com.st.stm32cube.ide.mcu.externaltools.gnu-tools-for-stm32.9-2020-q2-update.linux64_2.0.0.202105311346/tools/bin/../lib/gcc/arm-none-eabi/9.3.1/../../../../arm-none-eabi/lib/thumb/v7e-m+fp/hard/libc_nano.a(lib_a-lock.o)
                0x00000000080066d8                __retarget_lock_acquire_recursive
 .text.__retarget_lock_release_recursive
                0x00000000080066da        0x2 /opt/st/stm32cubeide_1.8.0/plugins/com.st.stm32cube.ide.mcu.externaltools.gnu-tools-for-stm32.9-2020-q2-update.linux64_2.0.0.202105311346/tools/bin/../lib/gcc/arm-none-eabi/9.3.1/../../../../arm-none-eabi/lib/thumb/v7e-m+fp/hard/libc_nano.a(lib_a-lock.o)
                0x00000000080066da                __retarget_lock_release_recursive
 .text.memcpy   0x00000000080066dc       0x1c /opt/st/stm32cubeide_1.8.0/plugins/com.st.stm32cube.ide.mcu.externaltools.gnu-tools-for-stm32.9-2020-q2-update.linux64_2.0.0.202105311346/tools/bin/../lib/gcc/arm-none-eabi/9.3.1/../../../../arm-none-eabi/lib/thumb/v7e-m+fp/hard/libc_nano.a(lib_a-memcpy-stub.o)
                0x00000000080066dc                memcpy
 .text.memset   0x00000000080066f8       0x10 /opt/st/stm32cubeide_1.8.0/plugins/com.st.stm32cube.ide.mcu.externaltools.gnu-tools-for-stm32.9-2020-q2-update.linux64_2.0.0.202105311346/tools/bin/../lib/gcc/arm-none-eabi/9.3.1/../../../../arm-none-eabi/lib/thumb/v7e-m+fp/hard/libc_nano.a(lib_a-memset.o)
                0x00000000080066f8                memset
 .text._malloc_r
                0x0000000008006708       0xb4 /opt/st/stm32cubeide_1.8.0/plugins/com.st.stm32cube.ide.mcu.externaltools.gnu-tools-for-stm32.9-2020-q2-update.linux64_2.0.0.202105311346/tools/bin/../lib/gcc/arm-none-eabi/9.3.1/../../../../arm-none-eabi/lib/thumb/v7e-m+fp/hard/libc_nano.a(lib_a-nano-mallocr.o)
                0x0000000008006708                _malloc_r
 .text.cleanup_glue
                0x00000000080067bc       0x1a /opt/st/stm32cubeide_1.8.0/plugins/com.st.stm32cube.ide.mcu.externaltools.gnu-tools-for-stm32.9-2020-q2-update.linux64_2.0.0.202105311346/tools/bin/../lib/gcc/arm-none-eabi/9.3.1/../../../../arm-none-eabi/lib/thumb/v7e-m+fp/hard/libc_nano.a(lib_a-reent.o)
                0x00000000080067bc                cleanup_glue
 *fill*         0x00000000080067d6        0x2 
 .text._reclaim_reent
                0x00000000080067d8       0xb8 /opt/st/stm32cubeide_1.8.0/plugins/com.st.stm32cube.ide.mcu.externaltools.gnu-tools-for-stm32.9-2020-q2-update.linux64_2.0.0.202105311346/tools/bin/../lib/gcc/arm-none-eabi/9.3.1/../../../../arm-none-eabi/lib/thumb/v7e-m+fp/hard/libc_nano.a(lib_a-reent.o)
                0x00000000080067d8                _reclaim_reent
 .text._sbrk_r  0x0000000008006890       0x20 /opt/st/stm32cubeide_1.8.0/plugins/com.st.stm32cube.ide.mcu.externaltools.gnu-tools-for-stm32.9-2020-q2-update.linux64_2.0.0.202105311346/tools/bin/../lib/gcc/arm-none-eabi/9.3.1/../../../../arm-none-eabi/lib/thumb/v7e-m+fp/hard/libc_nano.a(lib_a-sbrkr.o)
                0x0000000008006890                _sbrk_r
 .text.sprintf  0x00000000080068b0       0x40 /opt/st/stm32cubeide_1.8.0/plugins/com.st.stm32cube.ide.mcu.externaltools.gnu-tools-for-stm32.9-2020-q2-update.linux64_2.0.0.202105311346/tools/bin/../lib/gcc/arm-none-eabi/9.3.1/../../../../arm-none-eabi/lib/thumb/v7e-m+fp/hard/libc_nano.a(lib_a-sprintf.o)
                0x00000000080068b0                sprintf
                0x00000000080068b0                siprintf
 .text.__malloc_lock
                0x00000000080068f0        0xc /opt/st/stm32cubeide_1.8.0/plugins/com.st.stm32cube.ide.mcu.externaltools.gnu-tools-for-stm32.9-2020-q2-update.linux64_2.0.0.202105311346/tools/bin/../lib/gcc/arm-none-eabi/9.3.1/../../../../arm-none-eabi/lib/thumb/v7e-m+fp/hard/libc_nano.a(lib_a-mlock.o)
                0x00000000080068f0                __malloc_lock
 .text.__malloc_unlock
                0x00000000080068fc        0xc /opt/st/stm32cubeide_1.8.0/plugins/com.st.stm32cube.ide.mcu.externaltools.gnu-tools-for-stm32.9-2020-q2-update.linux64_2.0.0.202105311346/tools/bin/../lib/gcc/arm-none-eabi/9.3.1/../../../../arm-none-eabi/lib/thumb/v7e-m+fp/hard/libc_nano.a(lib_a-mlock.o)
                0x00000000080068fc                __malloc_unlock
 .text._free_r  0x0000000008006908       0xa0 /opt/st/stm32cubeide_1.8.0/plugins/com.st.stm32cube.ide.mcu.externaltools.gnu-tools-for-stm32.9-2020-q2-update.linux64_2.0.0.202105311346/tools/bin/../lib/gcc/arm-none-eabi/9.3.1/../../../../arm-none-eabi/lib/thumb/v7e-m+fp/hard/libc_nano.a(lib_a-nano-freer.o)
                0x0000000008006908                _free_r
 .text.__ssputs_r
                0x00000000080069a8       0xb6 /opt/st/stm32cubeide_1.8.0/plugins/com.st.stm32cube.ide.mcu.externaltools.gnu-tools-for-stm32.9-2020-q2-update.linux64_2.0.0.202105311346/tools/bin/../lib/gcc/arm-none-eabi/9.3.1/../../../../arm-none-eabi/lib/thumb/v7e-m+fp/hard/libc_nano.a(lib_a-nano-svfprintf.o)
                0x00000000080069a8                __ssputs_r
 *fill*         0x0000000008006a5e        0x2 
 .text._svfprintf_r
                0x0000000008006a60      0x200 /opt/st/stm32cubeide_1.8.0/plugins/com.st.stm32cube.ide.mcu.externaltools.gnu-tools-for-stm32.9-2020-q2-update.linux64_2.0.0.202105311346/tools/bin/../lib/gcc/arm-none-eabi/9.3.1/../../../../arm-none-eabi/lib/thumb/v7e-m+fp/hard/libc_nano.a(lib_a-nano-svfprintf.o)
                0x0000000008006a60                _svfprintf_r
                0x0000000008006a60                _svfiprintf_r
 .text._printf_common
                0x0000000008006c60       0xda /opt/st/stm32cubeide_1.8.0/plugins/com.st.stm32cube.ide.mcu.externaltools.gnu-tools-for-stm32.9-2020-q2-update.linux64_2.0.0.202105311346/tools/bin/../lib/gcc/arm-none-eabi/9.3.1/../../../../arm-none-eabi/lib/thumb/v7e-m+fp/hard/libc_nano.a(lib_a-nano-vfprintf_i.o)
                0x0000000008006c60                _printf_common
 *fill*         0x0000000008006d3a        0x2 
 .text._printf_i
                0x0000000008006d3c      0x24c /opt/st/stm32cubeide_1.8.0/plugins/com.st.stm32cube.ide.mcu.externaltools.gnu-tools-for-stm32.9-2020-q2-update.linux64_2.0.0.202105311346/tools/bin/../lib/gcc/arm-none-eabi/9.3.1/../../../../arm-none-eabi/lib/thumb/v7e-m+fp/hard/libc_nano.a(lib_a-nano-vfprintf_i.o)
                0x0000000008006d3c                _printf_i
 .text.memmove  0x0000000008006f88       0x34 /opt/st/stm32cubeide_1.8.0/plugins/com.st.stm32cube.ide.mcu.externaltools.gnu-tools-for-stm32.9-2020-q2-update.linux64_2.0.0.202105311346/tools/bin/../lib/gcc/arm-none-eabi/9.3.1/../../../../arm-none-eabi/lib/thumb/v7e-m+fp/hard/libc_nano.a(lib_a-memmove.o)
                0x0000000008006f88                memmove
 .text._realloc_r
                0x0000000008006fbc       0x4c /opt/st/stm32cubeide_1.8.0/plugins/com.st.stm32cube.ide.mcu.externaltools.gnu-tools-for-stm32.9-2020-q2-update.linux64_2.0.0.202105311346/tools/bin/../lib/gcc/arm-none-eabi/9.3.1/../../../../arm-none-eabi/lib/thumb/v7e-m+fp/hard/libc_nano.a(lib_a-nano-reallocr.o)
                0x0000000008006fbc                _realloc_r
 .text._malloc_usable_size_r
                0x0000000008007008       0x10 /opt/st/stm32cubeide_1.8.0/plugins/com.st.stm32cube.ide.mcu.externaltools.gnu-tools-for-stm32.9-2020-q2-update.linux64_2.0.0.202105311346/tools/bin/../lib/gcc/arm-none-eabi/9.3.1/../../../../arm-none-eabi/lib/thumb/v7e-m+fp/hard/libc_nano.a(lib_a-nano-msizer.o)
                0x0000000008007008                _malloc_usable_size_r
 *(.glue_7)
 .glue_7        0x0000000008007018        0x0 linker stubs
 *(.glue_7t)
 .glue_7t       0x0000000008007018        0x0 linker stubs
 *(.eh_frame)
 .eh_frame      0x0000000008007018        0x0 /opt/st/stm32cubeide_1.8.0/plugins/com.st.stm32cube.ide.mcu.externaltools.gnu-tools-for-stm32.9-2020-q2-update.linux64_2.0.0.202105311346/tools/bin/../lib/gcc/arm-none-eabi/9.3.1/thumb/v7e-m+fp/hard/crtbegin.o
 *(.init)
 .init          0x0000000008007018        0x4 /opt/st/stm32cubeide_1.8.0/plugins/com.st.stm32cube.ide.mcu.externaltools.gnu-tools-for-stm32.9-2020-q2-update.linux64_2.0.0.202105311346/tools/bin/../lib/gcc/arm-none-eabi/9.3.1/thumb/v7e-m+fp/hard/crti.o
                0x0000000008007018                _init
 .init          0x000000000800701c        0x8 /opt/st/stm32cubeide_1.8.0/plugins/com.st.stm32cube.ide.mcu.externaltools.gnu-tools-for-stm32.9-2020-q2-update.linux64_2.0.0.202105311346/tools/bin/../lib/gcc/arm-none-eabi/9.3.1/thumb/v7e-m+fp/hard/crtn.o
 *(.fini)
 .fini          0x0000000008007024        0x4 /opt/st/stm32cubeide_1.8.0/plugins/com.st.stm32cube.ide.mcu.externaltools.gnu-tools-for-stm32.9-2020-q2-update.linux64_2.0.0.202105311346/tools/bin/../lib/gcc/arm-none-eabi/9.3.1/thumb/v7e-m+fp/hard/crti.o
                0x0000000008007024                _fini
 .fini          0x0000000008007028        0x8 /opt/st/stm32cubeide_1.8.0/plugins/com.st.stm32cube.ide.mcu.externaltools.gnu-tools-for-stm32.9-2020-q2-update.linux64_2.0.0.202105311346/tools/bin/../lib/gcc/arm-none-eabi/9.3.1/thumb/v7e-m+fp/hard/crtn.o
                0x0000000008007030                . = ALIGN (0x4)
                0x0000000008007030                _etext = .

.vfp11_veneer   0x0000000008007030        0x0
 .vfp11_veneer  0x0000000008007030        0x0 linker stubs

.v4_bx          0x0000000008007030        0x0
 .v4_bx         0x0000000008007030        0x0 linker stubs

.iplt           0x0000000008007030        0x0
 .iplt          0x0000000008007030        0x0 /opt/st/stm32cubeide_1.8.0/plugins/com.st.stm32cube.ide.mcu.externaltools.gnu-tools-for-stm32.9-2020-q2-update.linux64_2.0.0.202105311346/tools/bin/../lib/gcc/arm-none-eabi/9.3.1/thumb/v7e-m+fp/hard/crtbegin.o

.rodata         0x0000000008007030      0x36c
                0x0000000008007030                . = ALIGN (0x4)
 *(.rodata)
 .rodata        0x0000000008007030      0x288 ./Core/Src/main.o
 .rodata        0x00000000080072b8        0x5 ./Middlewares/Third_Party/FreeRTOS/Source/tasks.o
 *fill*         0x00000000080072bd        0x3 
 .rodata        0x00000000080072c0        0xd ./Middlewares/Third_Party/FreeRTOS/Source/timers.o
 *(.rodata*)
 *fill*         0x00000000080072cd        0x3 
 .rodata.AHBPrescTable
                0x00000000080072d0       0x10 ./Core/Src/system_stm32f3xx.o
                0x00000000080072d0                AHBPrescTable
 .rodata.APBPrescTable
                0x00000000080072e0        0x8 ./Core/Src/system_stm32f3xx.o
                0x00000000080072e0                APBPrescTable
 .rodata.aPLLMULFactorTable
                0x00000000080072e8       0x10 ./Drivers/STM32F3xx_HAL_Driver/Src/stm32f3xx_hal_rcc.o
                0x00000000080072e8                aPLLMULFactorTable
 .rodata.aPredivFactorTable
                0x00000000080072f8       0x10 ./Drivers/STM32F3xx_HAL_Driver/Src/stm32f3xx_hal_rcc.o
                0x00000000080072f8                aPredivFactorTable
 .rodata.__sf_fake_stderr
                0x0000000008007308       0x20 /opt/st/stm32cubeide_1.8.0/plugins/com.st.stm32cube.ide.mcu.externaltools.gnu-tools-for-stm32.9-2020-q2-update.linux64_2.0.0.202105311346/tools/bin/../lib/gcc/arm-none-eabi/9.3.1/../../../../arm-none-eabi/lib/thumb/v7e-m+fp/hard/libc_nano.a(lib_a-findfp.o)
                0x0000000008007308                __sf_fake_stderr
 .rodata.__sf_fake_stdin
                0x0000000008007328       0x20 /opt/st/stm32cubeide_1.8.0/plugins/com.st.stm32cube.ide.mcu.externaltools.gnu-tools-for-stm32.9-2020-q2-update.linux64_2.0.0.202105311346/tools/bin/../lib/gcc/arm-none-eabi/9.3.1/../../../../arm-none-eabi/lib/thumb/v7e-m+fp/hard/libc_nano.a(lib_a-findfp.o)
                0x0000000008007328                __sf_fake_stdin
 .rodata.__sf_fake_stdout
                0x0000000008007348       0x20 /opt/st/stm32cubeide_1.8.0/plugins/com.st.stm32cube.ide.mcu.externaltools.gnu-tools-for-stm32.9-2020-q2-update.linux64_2.0.0.202105311346/tools/bin/../lib/gcc/arm-none-eabi/9.3.1/../../../../arm-none-eabi/lib/thumb/v7e-m+fp/hard/libc_nano.a(lib_a-findfp.o)
                0x0000000008007348                __sf_fake_stdout
 .rodata._svfprintf_r.str1.1
                0x0000000008007368       0x11 /opt/st/stm32cubeide_1.8.0/plugins/com.st.stm32cube.ide.mcu.externaltools.gnu-tools-for-stm32.9-2020-q2-update.linux64_2.0.0.202105311346/tools/bin/../lib/gcc/arm-none-eabi/9.3.1/../../../../arm-none-eabi/lib/thumb/v7e-m+fp/hard/libc_nano.a(lib_a-nano-svfprintf.o)
 .rodata._printf_i.str1.1
                0x0000000008007379       0x22 /opt/st/stm32cubeide_1.8.0/plugins/com.st.stm32cube.ide.mcu.externaltools.gnu-tools-for-stm32.9-2020-q2-update.linux64_2.0.0.202105311346/tools/bin/../lib/gcc/arm-none-eabi/9.3.1/../../../../arm-none-eabi/lib/thumb/v7e-m+fp/hard/libc_nano.a(lib_a-nano-vfprintf_i.o)
                0x000000000800739c                . = ALIGN (0x4)
 *fill*         0x000000000800739b        0x1 

.rel.dyn        0x000000000800739c        0x0
 .rel.iplt      0x000000000800739c        0x0 /opt/st/stm32cubeide_1.8.0/plugins/com.st.stm32cube.ide.mcu.externaltools.gnu-tools-for-stm32.9-2020-q2-update.linux64_2.0.0.202105311346/tools/bin/../lib/gcc/arm-none-eabi/9.3.1/thumb/v7e-m+fp/hard/crtbegin.o

.ARM.extab      0x000000000800739c        0x0
                0x000000000800739c                . = ALIGN (0x4)
 *(.ARM.extab* .gnu.linkonce.armextab.*)
                0x000000000800739c                . = ALIGN (0x4)

.ARM            0x000000000800739c        0x0
                0x000000000800739c                . = ALIGN (0x4)
                0x000000000800739c                __exidx_start = .
 *(.ARM.exidx*)
                0x000000000800739c                __exidx_end = .
                0x000000000800739c                . = ALIGN (0x4)

.preinit_array  0x000000000800739c        0x0
                0x000000000800739c                . = ALIGN (0x4)
                0x000000000800739c                PROVIDE (__preinit_array_start = .)
 *(.preinit_array*)
                0x000000000800739c                PROVIDE (__preinit_array_end = .)
                0x000000000800739c                . = ALIGN (0x4)

.init_array     0x000000000800739c        0x4
                0x000000000800739c                . = ALIGN (0x4)
                0x000000000800739c                PROVIDE (__init_array_start = .)
 *(SORT_BY_NAME(.init_array.*))
 *(.init_array*)
 .init_array    0x000000000800739c        0x4 /opt/st/stm32cubeide_1.8.0/plugins/com.st.stm32cube.ide.mcu.externaltools.gnu-tools-for-stm32.9-2020-q2-update.linux64_2.0.0.202105311346/tools/bin/../lib/gcc/arm-none-eabi/9.3.1/thumb/v7e-m+fp/hard/crtbegin.o
                0x00000000080073a0                PROVIDE (__init_array_end = .)
                0x00000000080073a0                . = ALIGN (0x4)

.fini_array     0x00000000080073a0        0x4
                0x00000000080073a0                . = ALIGN (0x4)
                [!provide]                        PROVIDE (__fini_array_start = .)
 *(SORT_BY_NAME(.fini_array.*))
 *(.fini_array*)
 .fini_array    0x00000000080073a0        0x4 /opt/st/stm32cubeide_1.8.0/plugins/com.st.stm32cube.ide.mcu.externaltools.gnu-tools-for-stm32.9-2020-q2-update.linux64_2.0.0.202105311346/tools/bin/../lib/gcc/arm-none-eabi/9.3.1/thumb/v7e-m+fp/hard/crtbegin.o
                [!provide]                        PROVIDE (__fini_array_end = .)
                0x00000000080073a4                . = ALIGN (0x4)
                0x00000000080073a4                _sidata = LOADADDR (.data)

.data           0x0000000020000000       0x80 load address 0x00000000080073a4
                0x0000000020000000                . = ALIGN (0x4)
                0x0000000020000000                _sdata = .
 *(.data)
 *(.data*)
 .data.num_prod_tasks
                0x0000000020000000        0x4 ./Core/Src/main.o
                0x0000000020000000                num_prod_tasks
 .data.num_cons_tasks
                0x0000000020000004        0x4 ./Core/Src/main.o
                0x0000000020000004                num_cons_tasks
 .data.num_writes
                0x0000000020000008        0x4 ./Core/Src/main.o
                0x0000000020000008                num_writes
 .data.SystemCoreClock
                0x000000002000000c        0x4 ./Core/Src/system_stm32f3xx.o
                0x000000002000000c                SystemCoreClock
 .data.uwTickPrio
                0x0000000020000010        0x4 ./Drivers/STM32F3xx_HAL_Driver/Src/stm32f3xx_hal.o
                0x0000000020000010                uwTickPrio
 .data.uwTickFreq
                0x0000000020000014        0x1 ./Drivers/STM32F3xx_HAL_Driver/Src/stm32f3xx_hal.o
                0x0000000020000014                uwTickFreq
 *fill*         0x0000000020000015        0x3 
 .data.uxCriticalNesting
                0x0000000020000018        0x4 ./Middlewares/Third_Party/FreeRTOS/Source/portable/GCC/ARM_CM4F/port.o
 .data._impure_ptr
                0x000000002000001c        0x4 /opt/st/stm32cubeide_1.8.0/plugins/com.st.stm32cube.ide.mcu.externaltools.gnu-tools-for-stm32.9-2020-q2-update.linux64_2.0.0.202105311346/tools/bin/../lib/gcc/arm-none-eabi/9.3.1/../../../../arm-none-eabi/lib/thumb/v7e-m+fp/hard/libc_nano.a(lib_a-impure.o)
                0x000000002000001c                _impure_ptr
 .data.impure_data
                0x0000000020000020       0x60 /opt/st/stm32cubeide_1.8.0/plugins/com.st.stm32cube.ide.mcu.externaltools.gnu-tools-for-stm32.9-2020-q2-update.linux64_2.0.0.202105311346/tools/bin/../lib/gcc/arm-none-eabi/9.3.1/../../../../arm-none-eabi/lib/thumb/v7e-m+fp/hard/libc_nano.a(lib_a-impure.o)
 *(.RamFunc)
 *(.RamFunc*)
                0x0000000020000080                . = ALIGN (0x4)
                0x0000000020000080                _edata = .
                0x0000000008007424                _siccmram = LOADADDR (.ccmram)

.igot.plt       0x0000000020000080        0x0 load address 0x0000000008007424
 .igot.plt      0x0000000020000080        0x0 /opt/st/stm32cubeide_1.8.0/plugins/com.st.stm32cube.ide.mcu.externaltools.gnu-tools-for-stm32.9-2020-q2-update.linux64_2.0.0.202105311346/tools/bin/../lib/gcc/arm-none-eabi/9.3.1/thumb/v7e-m+fp/hard/crtbegin.o

.ccmram         0x0000000010000000        0x0 load address 0x0000000008007424
                0x0000000010000000                . = ALIGN (0x4)
                0x0000000010000000                _sccmram = .
 *(.ccmram)
 *(.ccmram*)
                0x0000000010000000                . = ALIGN (0x4)
                0x0000000010000000                _eccmram = .
                0x0000000010000000                . = ALIGN (0x4)

.bss            0x0000000020000080     0x4950
                0x0000000020000080                _sbss = .
                0x0000000020000080                __bss_start__ = _sbss
 *(.bss)
 .bss           0x0000000020000080       0x1c /opt/st/stm32cubeide_1.8.0/plugins/com.st.stm32cube.ide.mcu.externaltools.gnu-tools-for-stm32.9-2020-q2-update.linux64_2.0.0.202105311346/tools/bin/../lib/gcc/arm-none-eabi/9.3.1/thumb/v7e-m+fp/hard/crtbegin.o
 *(.bss*)
 .bss.huart1    0x000000002000009c       0x84 ./Core/Src/main.o
                0x000000002000009c                huart1
 .bss._ZL3buf   0x0000000020000120       0x14 ./Core/Src/main.o
 .bss._ZL4head  0x0000000020000134        0x4 ./Core/Src/main.o
 .bss._ZL4tail  0x0000000020000138        0x4 ./Core/Src/main.o
 .bss.binarySem
                0x000000002000013c        0x4 ./Core/Src/main.o
                0x000000002000013c                binarySem
 .bss.countingSemFilled
                0x0000000020000140        0x4 ./Core/Src/main.o
                0x0000000020000140                countingSemFilled
 .bss.countingSemEmpty
                0x0000000020000144        0x4 ./Core/Src/main.o
                0x0000000020000144                countingSemEmpty
 .bss.mutex     0x0000000020000148        0x4 ./Core/Src/main.o
                0x0000000020000148                mutex
 .bss.write_mutex
                0x000000002000014c        0x4 ./Core/Src/main.o
                0x000000002000014c                write_mutex
 .bss.buff      0x0000000020000150      0x100 ./Core/Src/main.o
                0x0000000020000150                buff
 .bss.__sbrk_heap_end
                0x0000000020000250        0x4 ./Core/Src/sysmem.o
 .bss.Idle_TCB  0x0000000020000254       0xbc ./Middlewares/Third_Party/FreeRTOS/Source/CMSIS_RTOS_V2/cmsis_os2.o
 .bss.Idle_Stack
                0x0000000020000310      0x800 ./Middlewares/Third_Party/FreeRTOS/Source/CMSIS_RTOS_V2/cmsis_os2.o
 .bss.Timer_TCB
                0x0000000020000b10       0xbc ./Middlewares/Third_Party/FreeRTOS/Source/CMSIS_RTOS_V2/cmsis_os2.o
 .bss.Timer_Stack
                0x0000000020000bcc     0x1000 ./Middlewares/Third_Party/FreeRTOS/Source/CMSIS_RTOS_V2/cmsis_os2.o
 .bss.pxCurrentTCB
                0x0000000020001bcc        0x4 ./Middlewares/Third_Party/FreeRTOS/Source/tasks.o
                0x0000000020001bcc                pxCurrentTCB
 .bss.pxReadyTasksLists
                0x0000000020001bd0      0x460 ./Middlewares/Third_Party/FreeRTOS/Source/tasks.o
 .bss.xDelayedTaskList1
                0x0000000020002030       0x14 ./Middlewares/Third_Party/FreeRTOS/Source/tasks.o
 .bss.xDelayedTaskList2
                0x0000000020002044       0x14 ./Middlewares/Third_Party/FreeRTOS/Source/tasks.o
 .bss.pxDelayedTaskList
                0x0000000020002058        0x4 ./Middlewares/Third_Party/FreeRTOS/Source/tasks.o
 .bss.pxOverflowDelayedTaskList
                0x000000002000205c        0x4 ./Middlewares/Third_Party/FreeRTOS/Source/tasks.o
 .bss.xPendingReadyList
                0x0000000020002060       0x14 ./Middlewares/Third_Party/FreeRTOS/Source/tasks.o
 .bss.xTasksWaitingTermination
                0x0000000020002074       0x14 ./Middlewares/Third_Party/FreeRTOS/Source/tasks.o
 .bss.uxDeletedTasksWaitingCleanUp
                0x0000000020002088        0x4 ./Middlewares/Third_Party/FreeRTOS/Source/tasks.o
 .bss.xSuspendedTaskList
                0x000000002000208c       0x14 ./Middlewares/Third_Party/FreeRTOS/Source/tasks.o
 .bss.uxCurrentNumberOfTasks
                0x00000000200020a0        0x4 ./Middlewares/Third_Party/FreeRTOS/Source/tasks.o
 .bss.xTickCount
                0x00000000200020a4        0x4 ./Middlewares/Third_Party/FreeRTOS/Source/tasks.o
 .bss.uxTopReadyPriority
                0x00000000200020a8        0x4 ./Middlewares/Third_Party/FreeRTOS/Source/tasks.o
 .bss.xSchedulerRunning
                0x00000000200020ac        0x4 ./Middlewares/Third_Party/FreeRTOS/Source/tasks.o
 .bss.uxPendedTicks
                0x00000000200020b0        0x4 ./Middlewares/Third_Party/FreeRTOS/Source/tasks.o
 .bss.xYieldPending
                0x00000000200020b4        0x4 ./Middlewares/Third_Party/FreeRTOS/Source/tasks.o
 .bss.xNumOfOverflows
                0x00000000200020b8        0x4 ./Middlewares/Third_Party/FreeRTOS/Source/tasks.o
 .bss.uxTaskNumber
                0x00000000200020bc        0x4 ./Middlewares/Third_Party/FreeRTOS/Source/tasks.o
 .bss.xNextTaskUnblockTime
                0x00000000200020c0        0x4 ./Middlewares/Third_Party/FreeRTOS/Source/tasks.o
 .bss.xIdleTaskHandle
                0x00000000200020c4        0x4 ./Middlewares/Third_Party/FreeRTOS/Source/tasks.o
 .bss.uxSchedulerSuspended
                0x00000000200020c8        0x4 ./Middlewares/Third_Party/FreeRTOS/Source/tasks.o
 .bss.xActiveTimerList1
                0x00000000200020cc       0x14 ./Middlewares/Third_Party/FreeRTOS/Source/timers.o
 .bss.xActiveTimerList2
                0x00000000200020e0       0x14 ./Middlewares/Third_Party/FreeRTOS/Source/timers.o
 .bss.pxCurrentTimerList
                0x00000000200020f4        0x4 ./Middlewares/Third_Party/FreeRTOS/Source/timers.o
 .bss.pxOverflowTimerList
                0x00000000200020f8        0x4 ./Middlewares/Third_Party/FreeRTOS/Source/timers.o
 .bss.xTimerQueue
                0x00000000200020fc        0x4 ./Middlewares/Third_Party/FreeRTOS/Source/timers.o
 .bss.xTimerTaskHandle
                0x0000000020002100        0x4 ./Middlewares/Third_Party/FreeRTOS/Source/timers.o
 .bss.xLastTime.6972
                0x0000000020002104        0x4 ./Middlewares/Third_Party/FreeRTOS/Source/timers.o
 .bss.ucStaticTimerQueueStorage.7023
                0x0000000020002108       0xa0 ./Middlewares/Third_Party/FreeRTOS/Source/timers.o
 .bss.xStaticTimerQueue.7022
                0x00000000200021a8       0x50 ./Middlewares/Third_Party/FreeRTOS/Source/timers.o
 .bss.ucMaxSysCallPriority
                0x00000000200021f8        0x1 ./Middlewares/Third_Party/FreeRTOS/Source/portable/GCC/ARM_CM4F/port.o
 *fill*         0x00000000200021f9        0x3 
 .bss.ulMaxPRIGROUPValue
                0x00000000200021fc        0x4 ./Middlewares/Third_Party/FreeRTOS/Source/portable/GCC/ARM_CM4F/port.o
 .bss.ucHeap    0x0000000020002200     0x2710 ./Middlewares/Third_Party/FreeRTOS/Source/portable/MemMang/heap_4.o
 .bss.xStart    0x0000000020004910        0x8 ./Middlewares/Third_Party/FreeRTOS/Source/portable/MemMang/heap_4.o
 .bss.pxEnd     0x0000000020004918        0x4 ./Middlewares/Third_Party/FreeRTOS/Source/portable/MemMang/heap_4.o
 .bss.xFreeBytesRemaining
                0x000000002000491c        0x4 ./Middlewares/Third_Party/FreeRTOS/Source/portable/MemMang/heap_4.o
 .bss.xMinimumEverFreeBytesRemaining
                0x0000000020004920        0x4 ./Middlewares/Third_Party/FreeRTOS/Source/portable/MemMang/heap_4.o
 .bss.xBlockAllocatedBit
                0x0000000020004924        0x4 ./Middlewares/Third_Party/FreeRTOS/Source/portable/MemMang/heap_4.o
 .bss.__malloc_free_list
                0x0000000020004928        0x4 /opt/st/stm32cubeide_1.8.0/plugins/com.st.stm32cube.ide.mcu.externaltools.gnu-tools-for-stm32.9-2020-q2-update.linux64_2.0.0.202105311346/tools/bin/../lib/gcc/arm-none-eabi/9.3.1/../../../../arm-none-eabi/lib/thumb/v7e-m+fp/hard/libc_nano.a(lib_a-nano-mallocr.o)
                0x0000000020004928                __malloc_free_list
 .bss.__malloc_sbrk_start
                0x000000002000492c        0x4 /opt/st/stm32cubeide_1.8.0/plugins/com.st.stm32cube.ide.mcu.externaltools.gnu-tools-for-stm32.9-2020-q2-update.linux64_2.0.0.202105311346/tools/bin/../lib/gcc/arm-none-eabi/9.3.1/../../../../arm-none-eabi/lib/thumb/v7e-m+fp/hard/libc_nano.a(lib_a-nano-mallocr.o)
                0x000000002000492c                __malloc_sbrk_start
 *(COMMON)
 COMMON         0x0000000020004930       0x4c ./Core/Src/stm32f3xx_hal_timebase_tim.o
                0x0000000020004930                htim1
 COMMON         0x000000002000497c        0x4 ./Drivers/STM32F3xx_HAL_Driver/Src/stm32f3xx_hal.o
                0x000000002000497c                uwTick
 COMMON         0x0000000020004980       0x40 ./Middlewares/Third_Party/FreeRTOS/Source/queue.o
                0x0000000020004980                xQueueRegistry
 COMMON         0x00000000200049c0        0x9 /opt/st/stm32cubeide_1.8.0/plugins/com.st.stm32cube.ide.mcu.externaltools.gnu-tools-for-stm32.9-2020-q2-update.linux64_2.0.0.202105311346/tools/bin/../lib/gcc/arm-none-eabi/9.3.1/../../../../arm-none-eabi/lib/thumb/v7e-m+fp/hard/libc_nano.a(lib_a-lock.o)
                0x00000000200049c0                __lock___atexit_recursive_mutex
                0x00000000200049c1                __lock___arc4random_mutex
                0x00000000200049c2                __lock___env_recursive_mutex
                0x00000000200049c3                __lock___sinit_recursive_mutex
                0x00000000200049c4                __lock___malloc_recursive_mutex
                0x00000000200049c5                __lock___at_quick_exit_mutex
                0x00000000200049c6                __lock___dd_hash_mutex
                0x00000000200049c7                __lock___tz_mutex
                0x00000000200049c8                __lock___sfp_recursive_mutex
 *fill*         0x00000000200049c9        0x3 
 COMMON         0x00000000200049cc        0x4 /opt/st/stm32cubeide_1.8.0/plugins/com.st.stm32cube.ide.mcu.externaltools.gnu-tools-for-stm32.9-2020-q2-update.linux64_2.0.0.202105311346/tools/bin/../lib/gcc/arm-none-eabi/9.3.1/../../../../arm-none-eabi/lib/thumb/v7e-m+fp/hard/libc_nano.a(lib_a-reent.o)
                0x00000000200049cc                errno
                0x00000000200049d0                . = ALIGN (0x4)
                0x00000000200049d0                _ebss = .
                0x00000000200049d0                __bss_end__ = _ebss

._user_heap_stack
                0x00000000200049d0      0x600
                0x00000000200049d0                . = ALIGN (0x8)
                [!provide]                        PROVIDE (end = .)
                0x00000000200049d0                PROVIDE (_end = .)
                0x0000000020004dd0                . = (. + _Min_Heap_Size)
 *fill*         0x00000000200049d0      0x400 
                0x0000000020004fd0                . = (. + _Min_Stack_Size)
 *fill*         0x0000000020004dd0      0x200 
                0x0000000020004fd0                . = ALIGN (0x8)

/DISCARD/
 libc.a(*)
 libm.a(*)
 libgcc.a(*)

.ARM.attributes
                0x0000000000000000       0x30
 *(.ARM.attributes)
 .ARM.attributes
                0x0000000000000000       0x1e /opt/st/stm32cubeide_1.8.0/plugins/com.st.stm32cube.ide.mcu.externaltools.gnu-tools-for-stm32.9-2020-q2-update.linux64_2.0.0.202105311346/tools/bin/../lib/gcc/arm-none-eabi/9.3.1/thumb/v7e-m+fp/hard/crti.o
 .ARM.attributes
                0x000000000000001e       0x34 /opt/st/stm32cubeide_1.8.0/plugins/com.st.stm32cube.ide.mcu.externaltools.gnu-tools-for-stm32.9-2020-q2-update.linux64_2.0.0.202105311346/tools/bin/../lib/gcc/arm-none-eabi/9.3.1/thumb/v7e-m+fp/hard/crtbegin.o
 .ARM.attributes
                0x0000000000000052       0x34 ./Core/Src/main.o
 .ARM.attributes
                0x0000000000000086       0x34 ./Core/Src/stm32f3xx_hal_msp.o
 .ARM.attributes
                0x00000000000000ba       0x34 ./Core/Src/stm32f3xx_hal_timebase_tim.o
 .ARM.attributes
                0x00000000000000ee       0x34 ./Core/Src/stm32f3xx_it.o
 .ARM.attributes
                0x0000000000000122       0x34 ./Core/Src/sysmem.o
 .ARM.attributes
                0x0000000000000156       0x34 ./Core/Src/system_stm32f3xx.o
 .ARM.attributes
                0x000000000000018a       0x21 ./Core/Startup/startup_stm32f303vctx.o
 .ARM.attributes
                0x00000000000001ab       0x34 ./Drivers/STM32F3xx_HAL_Driver/Src/stm32f3xx_hal.o
 .ARM.attributes
                0x00000000000001df       0x34 ./Drivers/STM32F3xx_HAL_Driver/Src/stm32f3xx_hal_cortex.o
 .ARM.attributes
                0x0000000000000213       0x34 ./Drivers/STM32F3xx_HAL_Driver/Src/stm32f3xx_hal_gpio.o
 .ARM.attributes
                0x0000000000000247       0x34 ./Drivers/STM32F3xx_HAL_Driver/Src/stm32f3xx_hal_rcc.o
 .ARM.attributes
                0x000000000000027b       0x34 ./Drivers/STM32F3xx_HAL_Driver/Src/stm32f3xx_hal_rcc_ex.o
 .ARM.attributes
                0x00000000000002af       0x34 ./Drivers/STM32F3xx_HAL_Driver/Src/stm32f3xx_hal_tim.o
 .ARM.attributes
                0x00000000000002e3       0x34 ./Drivers/STM32F3xx_HAL_Driver/Src/stm32f3xx_hal_tim_ex.o
 .ARM.attributes
                0x0000000000000317       0x34 ./Drivers/STM32F3xx_HAL_Driver/Src/stm32f3xx_hal_uart.o
 .ARM.attributes
                0x000000000000034b       0x34 ./Middlewares/Third_Party/FreeRTOS/Source/CMSIS_RTOS_V2/cmsis_os2.o
 .ARM.attributes
                0x000000000000037f       0x34 ./Middlewares/Third_Party/FreeRTOS/Source/list.o
 .ARM.attributes
                0x00000000000003b3       0x34 ./Middlewares/Third_Party/FreeRTOS/Source/queue.o
 .ARM.attributes
                0x00000000000003e7       0x34 ./Middlewares/Third_Party/FreeRTOS/Source/tasks.o
 .ARM.attributes
                0x000000000000041b       0x34 ./Middlewares/Third_Party/FreeRTOS/Source/timers.o
 .ARM.attributes
                0x000000000000044f       0x34 ./Middlewares/Third_Party/FreeRTOS/Source/portable/GCC/ARM_CM4F/port.o
 .ARM.attributes
                0x0000000000000483       0x34 ./Middlewares/Third_Party/FreeRTOS/Source/portable/MemMang/heap_4.o
 .ARM.attributes
                0x00000000000004b7       0x34 /opt/st/stm32cubeide_1.8.0/plugins/com.st.stm32cube.ide.mcu.externaltools.gnu-tools-for-stm32.9-2020-q2-update.linux64_2.0.0.202105311346/tools/bin/../lib/gcc/arm-none-eabi/9.3.1/../../../../arm-none-eabi/lib/thumb/v7e-m+fp/hard/libc_nano.a(lib_a-errno.o)
 .ARM.attributes
                0x00000000000004eb       0x34 /opt/st/stm32cubeide_1.8.0/plugins/com.st.stm32cube.ide.mcu.externaltools.gnu-tools-for-stm32.9-2020-q2-update.linux64_2.0.0.202105311346/tools/bin/../lib/gcc/arm-none-eabi/9.3.1/../../../../arm-none-eabi/lib/thumb/v7e-m+fp/hard/libc_nano.a(lib_a-findfp.o)
 .ARM.attributes
                0x000000000000051f       0x32 /opt/st/stm32cubeide_1.8.0/plugins/com.st.stm32cube.ide.mcu.externaltools.gnu-tools-for-stm32.9-2020-q2-update.linux64_2.0.0.202105311346/tools/bin/../lib/gcc/arm-none-eabi/9.3.1/../../../../arm-none-eabi/lib/thumb/v7e-m+fp/hard/libc_nano.a(lib_a-impure.o)
 .ARM.attributes
                0x0000000000000551       0x34 /opt/st/stm32cubeide_1.8.0/plugins/com.st.stm32cube.ide.mcu.externaltools.gnu-tools-for-stm32.9-2020-q2-update.linux64_2.0.0.202105311346/tools/bin/../lib/gcc/arm-none-eabi/9.3.1/../../../../arm-none-eabi/lib/thumb/v7e-m+fp/hard/libc_nano.a(lib_a-init.o)
 .ARM.attributes
                0x0000000000000585       0x34 /opt/st/stm32cubeide_1.8.0/plugins/com.st.stm32cube.ide.mcu.externaltools.gnu-tools-for-stm32.9-2020-q2-update.linux64_2.0.0.202105311346/tools/bin/../lib/gcc/arm-none-eabi/9.3.1/../../../../arm-none-eabi/lib/thumb/v7e-m+fp/hard/libc_nano.a(lib_a-lock.o)
 .ARM.attributes
                0x00000000000005b9       0x34 /opt/st/stm32cubeide_1.8.0/plugins/com.st.stm32cube.ide.mcu.externaltools.gnu-tools-for-stm32.9-2020-q2-update.linux64_2.0.0.202105311346/tools/bin/../lib/gcc/arm-none-eabi/9.3.1/../../../../arm-none-eabi/lib/thumb/v7e-m+fp/hard/libc_nano.a(lib_a-memcpy-stub.o)
 .ARM.attributes
                0x00000000000005ed       0x34 /opt/st/stm32cubeide_1.8.0/plugins/com.st.stm32cube.ide.mcu.externaltools.gnu-tools-for-stm32.9-2020-q2-update.linux64_2.0.0.202105311346/tools/bin/../lib/gcc/arm-none-eabi/9.3.1/../../../../arm-none-eabi/lib/thumb/v7e-m+fp/hard/libc_nano.a(lib_a-memset.o)
 .ARM.attributes
                0x0000000000000621       0x34 /opt/st/stm32cubeide_1.8.0/plugins/com.st.stm32cube.ide.mcu.externaltools.gnu-tools-for-stm32.9-2020-q2-update.linux64_2.0.0.202105311346/tools/bin/../lib/gcc/arm-none-eabi/9.3.1/../../../../arm-none-eabi/lib/thumb/v7e-m+fp/hard/libc_nano.a(lib_a-nano-mallocr.o)
 .ARM.attributes
                0x0000000000000655       0x34 /opt/st/stm32cubeide_1.8.0/plugins/com.st.stm32cube.ide.mcu.externaltools.gnu-tools-for-stm32.9-2020-q2-update.linux64_2.0.0.202105311346/tools/bin/../lib/gcc/arm-none-eabi/9.3.1/../../../../arm-none-eabi/lib/thumb/v7e-m+fp/hard/libc_nano.a(lib_a-reent.o)
 .ARM.attributes
                0x0000000000000689       0x34 /opt/st/stm32cubeide_1.8.0/plugins/com.st.stm32cube.ide.mcu.externaltools.gnu-tools-for-stm32.9-2020-q2-update.linux64_2.0.0.202105311346/tools/bin/../lib/gcc/arm-none-eabi/9.3.1/../../../../arm-none-eabi/lib/thumb/v7e-m+fp/hard/libc_nano.a(lib_a-sbrkr.o)
 .ARM.attributes
                0x00000000000006bd       0x34 /opt/st/stm32cubeide_1.8.0/plugins/com.st.stm32cube.ide.mcu.externaltools.gnu-tools-for-stm32.9-2020-q2-update.linux64_2.0.0.202105311346/tools/bin/../lib/gcc/arm-none-eabi/9.3.1/../../../../arm-none-eabi/lib/thumb/v7e-m+fp/hard/libc_nano.a(lib_a-sprintf.o)
 .ARM.attributes
                0x00000000000006f1       0x17 /opt/st/stm32cubeide_1.8.0/plugins/com.st.stm32cube.ide.mcu.externaltools.gnu-tools-for-stm32.9-2020-q2-update.linux64_2.0.0.202105311346/tools/bin/../lib/gcc/arm-none-eabi/9.3.1/../../../../arm-none-eabi/lib/thumb/v7e-m+fp/hard/libc_nano.a(lib_a-strlen.o)
 .ARM.attributes
                0x0000000000000708       0x34 /opt/st/stm32cubeide_1.8.0/plugins/com.st.stm32cube.ide.mcu.externaltools.gnu-tools-for-stm32.9-2020-q2-update.linux64_2.0.0.202105311346/tools/bin/../lib/gcc/arm-none-eabi/9.3.1/../../../../arm-none-eabi/lib/thumb/v7e-m+fp/hard/libc_nano.a(lib_a-mlock.o)
 .ARM.attributes
                0x000000000000073c       0x34 /opt/st/stm32cubeide_1.8.0/plugins/com.st.stm32cube.ide.mcu.externaltools.gnu-tools-for-stm32.9-2020-q2-update.linux64_2.0.0.202105311346/tools/bin/../lib/gcc/arm-none-eabi/9.3.1/../../../../arm-none-eabi/lib/thumb/v7e-m+fp/hard/libc_nano.a(lib_a-nano-freer.o)
 .ARM.attributes
                0x0000000000000770       0x34 /opt/st/stm32cubeide_1.8.0/plugins/com.st.stm32cube.ide.mcu.externaltools.gnu-tools-for-stm32.9-2020-q2-update.linux64_2.0.0.202105311346/tools/bin/../lib/gcc/arm-none-eabi/9.3.1/../../../../arm-none-eabi/lib/thumb/v7e-m+fp/hard/libc_nano.a(lib_a-nano-svfprintf.o)
 .ARM.attributes
                0x00000000000007a4       0x34 /opt/st/stm32cubeide_1.8.0/plugins/com.st.stm32cube.ide.mcu.externaltools.gnu-tools-for-stm32.9-2020-q2-update.linux64_2.0.0.202105311346/tools/bin/../lib/gcc/arm-none-eabi/9.3.1/../../../../arm-none-eabi/lib/thumb/v7e-m+fp/hard/libc_nano.a(lib_a-nano-vfprintf_i.o)
 .ARM.attributes
                0x00000000000007d8       0x1c /opt/st/stm32cubeide_1.8.0/plugins/com.st.stm32cube.ide.mcu.externaltools.gnu-tools-for-stm32.9-2020-q2-update.linux64_2.0.0.202105311346/tools/bin/../lib/gcc/arm-none-eabi/9.3.1/../../../../arm-none-eabi/lib/thumb/v7e-m+fp/hard/libc_nano.a(lib_a-memchr.o)
 .ARM.attributes
                0x00000000000007f4       0x34 /opt/st/stm32cubeide_1.8.0/plugins/com.st.stm32cube.ide.mcu.externaltools.gnu-tools-for-stm32.9-2020-q2-update.linux64_2.0.0.202105311346/tools/bin/../lib/gcc/arm-none-eabi/9.3.1/../../../../arm-none-eabi/lib/thumb/v7e-m+fp/hard/libc_nano.a(lib_a-memmove.o)
 .ARM.attributes
                0x0000000000000828       0x34 /opt/st/stm32cubeide_1.8.0/plugins/com.st.stm32cube.ide.mcu.externaltools.gnu-tools-for-stm32.9-2020-q2-update.linux64_2.0.0.202105311346/tools/bin/../lib/gcc/arm-none-eabi/9.3.1/../../../../arm-none-eabi/lib/thumb/v7e-m+fp/hard/libc_nano.a(lib_a-nano-reallocr.o)
 .ARM.attributes
                0x000000000000085c       0x34 /opt/st/stm32cubeide_1.8.0/plugins/com.st.stm32cube.ide.mcu.externaltools.gnu-tools-for-stm32.9-2020-q2-update.linux64_2.0.0.202105311346/tools/bin/../lib/gcc/arm-none-eabi/9.3.1/../../../../arm-none-eabi/lib/thumb/v7e-m+fp/hard/libc_nano.a(lib_a-nano-msizer.o)
 .ARM.attributes
                0x0000000000000890       0x1e /opt/st/stm32cubeide_1.8.0/plugins/com.st.stm32cube.ide.mcu.externaltools.gnu-tools-for-stm32.9-2020-q2-update.linux64_2.0.0.202105311346/tools/bin/../lib/gcc/arm-none-eabi/9.3.1/thumb/v7e-m+fp/hard/crtn.o
OUTPUT(FreeRTOS_Fundamentals.elf elf32-littlearm)
LOAD linker stubs
LOAD /opt/st/stm32cubeide_1.8.0/plugins/com.st.stm32cube.ide.mcu.externaltools.gnu-tools-for-stm32.9-2020-q2-update.linux64_2.0.0.202105311346/tools/bin/../lib/gcc/arm-none-eabi/9.3.1/../../../../arm-none-eabi/lib/thumb/v7e-m+fp/hard/libc.a
LOAD /opt/st/stm32cubeide_1.8.0/plugins/com.st.stm32cube.ide.mcu.externaltools.gnu-tools-for-stm32.9-2020-q2-update.linux64_2.0.0.202105311346/tools/bin/../lib/gcc/arm-none-eabi/9.3.1/../../../../arm-none-eabi/lib/thumb/v7e-m+fp/hard/libm.a
LOAD /opt/st/stm32cubeide_1.8.0/plugins/com.st.stm32cube.ide.mcu.externaltools.gnu-tools-for-stm32.9-2020-q2-update.linux64_2.0.0.202105311346/tools/bin/../lib/gcc/arm-none-eabi/9.3.1/thumb/v7e-m+fp/hard/libgcc.a

.debug_info     0x0000000000000000    0x1cb98
 .debug_info    0x0000000000000000     0x1b8f ./Core/Src/main.o
 .debug_info    0x0000000000001b8f      0xb99 ./Core/Src/stm32f3xx_hal_msp.o
 .debug_info    0x0000000000002728      0xb22 ./Core/Src/stm32f3xx_hal_timebase_tim.o
 .debug_info    0x000000000000324a      0x7cc ./Core/Src/stm32f3xx_it.o
 .debug_info    0x0000000000003a16      0xa25 ./Core/Src/sysmem.o
 .debug_info    0x000000000000443b      0x49a ./Core/Src/system_stm32f3xx.o
 .debug_info    0x00000000000048d5       0x22 ./Core/Startup/startup_stm32f303vctx.o
 .debug_info    0x00000000000048f7      0x83d ./Drivers/STM32F3xx_HAL_Driver/Src/stm32f3xx_hal.o
 .debug_info    0x0000000000005134      0xe44 ./Drivers/STM32F3xx_HAL_Driver/Src/stm32f3xx_hal_cortex.o
 .debug_info    0x0000000000005f78      0x779 ./Drivers/STM32F3xx_HAL_Driver/Src/stm32f3xx_hal_gpio.o
 .debug_info    0x00000000000066f1     0x15b5 ./Drivers/STM32F3xx_HAL_Driver/Src/stm32f3xx_hal_rcc.o
 .debug_info    0x0000000000007ca6      0x6b4 ./Drivers/STM32F3xx_HAL_Driver/Src/stm32f3xx_hal_rcc_ex.o
 .debug_info    0x000000000000835a     0x2cf6 ./Drivers/STM32F3xx_HAL_Driver/Src/stm32f3xx_hal_tim.o
 .debug_info    0x000000000000b050     0x163e ./Drivers/STM32F3xx_HAL_Driver/Src/stm32f3xx_hal_tim_ex.o
 .debug_info    0x000000000000c68e     0x3af9 ./Drivers/STM32F3xx_HAL_Driver/Src/stm32f3xx_hal_uart.o
 .debug_info    0x0000000000010187     0x3ce3 ./Middlewares/Third_Party/FreeRTOS/Source/CMSIS_RTOS_V2/cmsis_os2.o
 .debug_info    0x0000000000013e6a      0xb7c ./Middlewares/Third_Party/FreeRTOS/Source/list.o
 .debug_info    0x00000000000149e6     0x22de ./Middlewares/Third_Party/FreeRTOS/Source/queue.o
 .debug_info    0x0000000000016cc4     0x29ca ./Middlewares/Third_Party/FreeRTOS/Source/tasks.o
 .debug_info    0x000000000001968e     0x1b09 ./Middlewares/Third_Party/FreeRTOS/Source/timers.o
 .debug_info    0x000000000001b197      0xd8a ./Middlewares/Third_Party/FreeRTOS/Source/portable/GCC/ARM_CM4F/port.o
 .debug_info    0x000000000001bf21      0xc77 ./Middlewares/Third_Party/FreeRTOS/Source/portable/MemMang/heap_4.o

.debug_abbrev   0x0000000000000000     0x34f3
 .debug_abbrev  0x0000000000000000      0x321 ./Core/Src/main.o
 .debug_abbrev  0x0000000000000321      0x1b5 ./Core/Src/stm32f3xx_hal_msp.o
 .debug_abbrev  0x00000000000004d6      0x1bf ./Core/Src/stm32f3xx_hal_timebase_tim.o
 .debug_abbrev  0x0000000000000695      0x176 ./Core/Src/stm32f3xx_it.o
 .debug_abbrev  0x000000000000080b      0x1bf ./Core/Src/sysmem.o
 .debug_abbrev  0x00000000000009ca      0x145 ./Core/Src/system_stm32f3xx.o
 .debug_abbrev  0x0000000000000b0f       0x12 ./Core/Startup/startup_stm32f303vctx.o
 .debug_abbrev  0x0000000000000b21      0x1ed ./Drivers/STM32F3xx_HAL_Driver/Src/stm32f3xx_hal.o
 .debug_abbrev  0x0000000000000d0e      0x33c ./Drivers/STM32F3xx_HAL_Driver/Src/stm32f3xx_hal_cortex.o
 .debug_abbrev  0x000000000000104a      0x1e8 ./Drivers/STM32F3xx_HAL_Driver/Src/stm32f3xx_hal_gpio.o
 .debug_abbrev  0x0000000000001232      0x2c4 ./Drivers/STM32F3xx_HAL_Driver/Src/stm32f3xx_hal_rcc.o
 .debug_abbrev  0x00000000000014f6      0x23e ./Drivers/STM32F3xx_HAL_Driver/Src/stm32f3xx_hal_rcc_ex.o
 .debug_abbrev  0x0000000000001734      0x25e ./Drivers/STM32F3xx_HAL_Driver/Src/stm32f3xx_hal_tim.o
 .debug_abbrev  0x0000000000001992      0x266 ./Drivers/STM32F3xx_HAL_Driver/Src/stm32f3xx_hal_tim_ex.o
 .debug_abbrev  0x0000000000001bf8      0x2b3 ./Drivers/STM32F3xx_HAL_Driver/Src/stm32f3xx_hal_uart.o
 .debug_abbrev  0x0000000000001eab      0x3f6 ./Middlewares/Third_Party/FreeRTOS/Source/CMSIS_RTOS_V2/cmsis_os2.o
 .debug_abbrev  0x00000000000022a1      0x1f7 ./Middlewares/Third_Party/FreeRTOS/Source/list.o
 .debug_abbrev  0x0000000000002498      0x3a2 ./Middlewares/Third_Party/FreeRTOS/Source/queue.o
 .debug_abbrev  0x000000000000283a      0x39a ./Middlewares/Third_Party/FreeRTOS/Source/tasks.o
 .debug_abbrev  0x0000000000002bd4      0x317 ./Middlewares/Third_Party/FreeRTOS/Source/timers.o
 .debug_abbrev  0x0000000000002eeb      0x335 ./Middlewares/Third_Party/FreeRTOS/Source/portable/GCC/ARM_CM4F/port.o
 .debug_abbrev  0x0000000000003220      0x2d3 ./Middlewares/Third_Party/FreeRTOS/Source/portable/MemMang/heap_4.o

.debug_aranges  0x0000000000000000     0x1370
 .debug_aranges
                0x0000000000000000       0x58 ./Core/Src/main.o
 .debug_aranges
                0x0000000000000058       0x30 ./Core/Src/stm32f3xx_hal_msp.o
 .debug_aranges
                0x0000000000000088       0x30 ./Core/Src/stm32f3xx_hal_timebase_tim.o
 .debug_aranges
                0x00000000000000b8       0x50 ./Core/Src/stm32f3xx_it.o
 .debug_aranges
                0x0000000000000108       0x20 ./Core/Src/sysmem.o
 .debug_aranges
                0x0000000000000128       0x28 ./Core/Src/system_stm32f3xx.o
 .debug_aranges
                0x0000000000000150       0x28 ./Core/Startup/startup_stm32f303vctx.o
 .debug_aranges
                0x0000000000000178       0xe0 ./Drivers/STM32F3xx_HAL_Driver/Src/stm32f3xx_hal.o
 .debug_aranges
                0x0000000000000258      0x118 ./Drivers/STM32F3xx_HAL_Driver/Src/stm32f3xx_hal_cortex.o
 .debug_aranges
                0x0000000000000370       0x58 ./Drivers/STM32F3xx_HAL_Driver/Src/stm32f3xx_hal_gpio.o
 .debug_aranges
                0x00000000000003c8       0x88 ./Drivers/STM32F3xx_HAL_Driver/Src/stm32f3xx_hal_rcc.o
 .debug_aranges
                0x0000000000000450       0x38 ./Drivers/STM32F3xx_HAL_Driver/Src/stm32f3xx_hal_rcc_ex.o
 .debug_aranges
                0x0000000000000488      0x3e0 ./Drivers/STM32F3xx_HAL_Driver/Src/stm32f3xx_hal_tim.o
 .debug_aranges
                0x0000000000000868      0x178 ./Drivers/STM32F3xx_HAL_Driver/Src/stm32f3xx_hal_tim_ex.o
 .debug_aranges
                0x00000000000009e0      0x228 ./Drivers/STM32F3xx_HAL_Driver/Src/stm32f3xx_hal_uart.o
 .debug_aranges
                0x0000000000000c08      0x228 ./Middlewares/Third_Party/FreeRTOS/Source/CMSIS_RTOS_V2/cmsis_os2.o
 .debug_aranges
                0x0000000000000e30       0x40 ./Middlewares/Third_Party/FreeRTOS/Source/list.o
 .debug_aranges
                0x0000000000000e70      0x158 ./Middlewares/Third_Party/FreeRTOS/Source/queue.o
 .debug_aranges
                0x0000000000000fc8      0x1f8 ./Middlewares/Third_Party/FreeRTOS/Source/tasks.o
 .debug_aranges
                0x00000000000011c0       0xe0 ./Middlewares/Third_Party/FreeRTOS/Source/timers.o
 .debug_aranges
                0x00000000000012a0       0x80 ./Middlewares/Third_Party/FreeRTOS/Source/portable/GCC/ARM_CM4F/port.o
 .debug_aranges
                0x0000000000001320       0x50 ./Middlewares/Third_Party/FreeRTOS/Source/portable/MemMang/heap_4.o

.debug_ranges   0x0000000000000000     0x1248
 .debug_ranges  0x0000000000000000       0x48 ./Core/Src/main.o
 .debug_ranges  0x0000000000000048       0x20 ./Core/Src/stm32f3xx_hal_msp.o
 .debug_ranges  0x0000000000000068       0x20 ./Core/Src/stm32f3xx_hal_timebase_tim.o
 .debug_ranges  0x0000000000000088       0x40 ./Core/Src/stm32f3xx_it.o
 .debug_ranges  0x00000000000000c8       0x10 ./Core/Src/sysmem.o
 .debug_ranges  0x00000000000000d8       0x18 ./Core/Src/system_stm32f3xx.o
 .debug_ranges  0x00000000000000f0       0x20 ./Core/Startup/startup_stm32f303vctx.o
 .debug_ranges  0x0000000000000110       0xd0 ./Drivers/STM32F3xx_HAL_Driver/Src/stm32f3xx_hal.o
 .debug_ranges  0x00000000000001e0      0x108 ./Drivers/STM32F3xx_HAL_Driver/Src/stm32f3xx_hal_cortex.o
 .debug_ranges  0x00000000000002e8       0x48 ./Drivers/STM32F3xx_HAL_Driver/Src/stm32f3xx_hal_gpio.o
 .debug_ranges  0x0000000000000330       0x78 ./Drivers/STM32F3xx_HAL_Driver/Src/stm32f3xx_hal_rcc.o
 .debug_ranges  0x00000000000003a8       0x28 ./Drivers/STM32F3xx_HAL_Driver/Src/stm32f3xx_hal_rcc_ex.o
 .debug_ranges  0x00000000000003d0      0x3d0 ./Drivers/STM32F3xx_HAL_Driver/Src/stm32f3xx_hal_tim.o
 .debug_ranges  0x00000000000007a0      0x168 ./Drivers/STM32F3xx_HAL_Driver/Src/stm32f3xx_hal_tim_ex.o
 .debug_ranges  0x0000000000000908      0x248 ./Drivers/STM32F3xx_HAL_Driver/Src/stm32f3xx_hal_uart.o
 .debug_ranges  0x0000000000000b50      0x218 ./Middlewares/Third_Party/FreeRTOS/Source/CMSIS_RTOS_V2/cmsis_os2.o
 .debug_ranges  0x0000000000000d68       0x30 ./Middlewares/Third_Party/FreeRTOS/Source/list.o
 .debug_ranges  0x0000000000000d98      0x148 ./Middlewares/Third_Party/FreeRTOS/Source/queue.o
 .debug_ranges  0x0000000000000ee0      0x1e8 ./Middlewares/Third_Party/FreeRTOS/Source/tasks.o
 .debug_ranges  0x00000000000010c8       0xd0 ./Middlewares/Third_Party/FreeRTOS/Source/timers.o
 .debug_ranges  0x0000000000001198       0x70 ./Middlewares/Third_Party/FreeRTOS/Source/portable/GCC/ARM_CM4F/port.o
 .debug_ranges  0x0000000000001208       0x40 ./Middlewares/Third_Party/FreeRTOS/Source/portable/MemMang/heap_4.o

.debug_macro    0x0000000000000000     0x55f3
 .debug_macro   0x0000000000000000      0x40b ./Core/Src/main.o
 .debug_macro   0x000000000000040b      0xb80 ./Core/Src/main.o
 .debug_macro   0x0000000000000f8b       0x1c ./Core/Src/main.o
 .debug_macro   0x0000000000000fa7     0x102d ./Core/Src/main.o
 .debug_macro   0x0000000000001fd4      0x17b ./Core/Src/main.o
 .debug_macro   0x000000000000214f       0x34 ./Core/Src/main.o
 .debug_macro   0x0000000000002183       0x16 ./Core/Src/main.o
 .debug_macro   0x0000000000002199       0x35 ./Core/Src/main.o
 .debug_macro   0x00000000000021ce      0x356 ./Core/Src/main.o
 .debug_macro   0x0000000000002524       0x10 ./Core/Src/main.o
 .debug_macro   0x0000000000002534       0x43 ./Core/Src/main.o
 .debug_macro   0x0000000000002577       0x16 ./Core/Src/main.o
 .debug_macro   0x000000000000258d       0x10 ./Core/Src/main.o
 .debug_macro   0x000000000000259d       0x1c ./Core/Src/main.o
 .debug_macro   0x00000000000025b9       0x52 ./Core/Src/main.o
 .debug_macro   0x000000000000260b       0x22 ./Core/Src/main.o
 .debug_macro   0x000000000000262d       0x10 ./Core/Src/main.o
 .debug_macro   0x000000000000263d       0x40 ./Core/Src/main.o
 .debug_macro   0x000000000000267d       0xd5 ./Core/Src/main.o
 .debug_macro   0x0000000000002752       0x1c ./Core/Src/main.o
 .debug_macro   0x000000000000276e       0x3d ./Core/Src/main.o
 .debug_macro   0x00000000000027ab       0x16 ./Core/Src/main.o
 .debug_macro   0x00000000000027c1      0x137 ./Core/Src/main.o
 .debug_macro   0x00000000000028f8       0x16 ./Core/Src/main.o
 .debug_macro   0x000000000000290e       0x20 ./Core/Src/main.o
 .debug_macro   0x000000000000292e       0x16 ./Core/Src/main.o
 .debug_macro   0x0000000000002944       0x8d ./Core/Src/main.o
 .debug_macro   0x00000000000029d1       0x9a ./Core/Src/main.o
 .debug_macro   0x0000000000002a6b      0x1e1 ./Core/Src/stm32f3xx_hal_msp.o
 .debug_macro   0x0000000000002c4c      0x1d7 ./Core/Src/stm32f3xx_hal_timebase_tim.o
 .debug_macro   0x0000000000002e23      0x1eb ./Core/Src/stm32f3xx_it.o
 .debug_macro   0x000000000000300e       0xff ./Core/Src/sysmem.o
 .debug_macro   0x000000000000310d      0x23b ./Core/Src/sysmem.o
 .debug_macro   0x0000000000003348      0x1d7 ./Core/Src/system_stm32f3xx.o
 .debug_macro   0x000000000000351f      0x1fb ./Drivers/STM32F3xx_HAL_Driver/Src/stm32f3xx_hal.o
 .debug_macro   0x000000000000371a      0x1d7 ./Drivers/STM32F3xx_HAL_Driver/Src/stm32f3xx_hal_cortex.o
 .debug_macro   0x00000000000038f1      0x1de ./Drivers/STM32F3xx_HAL_Driver/Src/stm32f3xx_hal_gpio.o
 .debug_macro   0x0000000000003acf      0x1fb ./Drivers/STM32F3xx_HAL_Driver/Src/stm32f3xx_hal_rcc.o
 .debug_macro   0x0000000000003cca      0x1d7 ./Drivers/STM32F3xx_HAL_Driver/Src/stm32f3xx_hal_rcc_ex.o
 .debug_macro   0x0000000000003ea1      0x1d8 ./Drivers/STM32F3xx_HAL_Driver/Src/stm32f3xx_hal_tim.o
 .debug_macro   0x0000000000004079      0x1d7 ./Drivers/STM32F3xx_HAL_Driver/Src/stm32f3xx_hal_tim_ex.o
 .debug_macro   0x0000000000004250      0x1f4 ./Drivers/STM32F3xx_HAL_Driver/Src/stm32f3xx_hal_uart.o
 .debug_macro   0x0000000000004444      0x259 ./Middlewares/Third_Party/FreeRTOS/Source/CMSIS_RTOS_V2/cmsis_os2.o
 .debug_macro   0x000000000000469d       0x10 ./Middlewares/Third_Party/FreeRTOS/Source/CMSIS_RTOS_V2/cmsis_os2.o
 .debug_macro   0x00000000000046ad       0x10 ./Middlewares/Third_Party/FreeRTOS/Source/CMSIS_RTOS_V2/cmsis_os2.o
 .debug_macro   0x00000000000046bd       0x74 ./Middlewares/Third_Party/FreeRTOS/Source/CMSIS_RTOS_V2/cmsis_os2.o
 .debug_macro   0x0000000000004731       0xd3 ./Middlewares/Third_Party/FreeRTOS/Source/CMSIS_RTOS_V2/cmsis_os2.o
 .debug_macro   0x0000000000004804      0x129 ./Middlewares/Third_Party/FreeRTOS/Source/CMSIS_RTOS_V2/cmsis_os2.o
 .debug_macro   0x000000000000492d       0x91 ./Middlewares/Third_Party/FreeRTOS/Source/CMSIS_RTOS_V2/cmsis_os2.o
 .debug_macro   0x00000000000049be      0x199 ./Middlewares/Third_Party/FreeRTOS/Source/list.o
 .debug_macro   0x0000000000004b57      0x224 ./Middlewares/Third_Party/FreeRTOS/Source/queue.o
 .debug_macro   0x0000000000004d7b      0x299 ./Middlewares/Third_Party/FreeRTOS/Source/tasks.o
 .debug_macro   0x0000000000005014       0x10 ./Middlewares/Third_Party/FreeRTOS/Source/tasks.o
 .debug_macro   0x0000000000005024      0x1dc ./Middlewares/Third_Party/FreeRTOS/Source/timers.o
 .debug_macro   0x0000000000005200      0x233 ./Middlewares/Third_Party/FreeRTOS/Source/portable/GCC/ARM_CM4F/port.o
 .debug_macro   0x0000000000005433      0x1c0 ./Middlewares/Third_Party/FreeRTOS/Source/portable/MemMang/heap_4.o

.debug_line     0x0000000000000000    0x175c6
 .debug_line    0x0000000000000000      0xdf9 ./Core/Src/main.o
 .debug_line    0x0000000000000df9      0x71d ./Core/Src/stm32f3xx_hal_msp.o
 .debug_line    0x0000000000001516      0x72a ./Core/Src/stm32f3xx_hal_timebase_tim.o
 .debug_line    0x0000000000001c40      0x76c ./Core/Src/stm32f3xx_it.o
 .debug_line    0x00000000000023ac      0x4cb ./Core/Src/sysmem.o
 .debug_line    0x0000000000002877      0x744 ./Core/Src/system_stm32f3xx.o
 .debug_line    0x0000000000002fbb       0x88 ./Core/Startup/startup_stm32f303vctx.o
 .debug_line    0x0000000000003043      0x979 ./Drivers/STM32F3xx_HAL_Driver/Src/stm32f3xx_hal.o
 .debug_line    0x00000000000039bc      0xc3e ./Drivers/STM32F3xx_HAL_Driver/Src/stm32f3xx_hal_cortex.o
 .debug_line    0x00000000000045fa      0xada ./Drivers/STM32F3xx_HAL_Driver/Src/stm32f3xx_hal_gpio.o
 .debug_line    0x00000000000050d4     0x1353 ./Drivers/STM32F3xx_HAL_Driver/Src/stm32f3xx_hal_rcc.o
 .debug_line    0x0000000000006427      0xce3 ./Drivers/STM32F3xx_HAL_Driver/Src/stm32f3xx_hal_rcc_ex.o
 .debug_line    0x000000000000710a     0x3cb8 ./Drivers/STM32F3xx_HAL_Driver/Src/stm32f3xx_hal_tim.o
 .debug_line    0x000000000000adc2     0x1a5a ./Drivers/STM32F3xx_HAL_Driver/Src/stm32f3xx_hal_tim_ex.o
 .debug_line    0x000000000000c81c     0x30e2 ./Drivers/STM32F3xx_HAL_Driver/Src/stm32f3xx_hal_uart.o
 .debug_line    0x000000000000f8fe     0x2437 ./Middlewares/Third_Party/FreeRTOS/Source/CMSIS_RTOS_V2/cmsis_os2.o
 .debug_line    0x0000000000011d35      0x6e9 ./Middlewares/Third_Party/FreeRTOS/Source/list.o
 .debug_line    0x000000000001241e     0x16ac ./Middlewares/Third_Party/FreeRTOS/Source/queue.o
 .debug_line    0x0000000000013aca     0x1d28 ./Middlewares/Third_Party/FreeRTOS/Source/tasks.o
 .debug_line    0x00000000000157f2      0xc79 ./Middlewares/Third_Party/FreeRTOS/Source/timers.o
 .debug_line    0x000000000001646b      0x8b0 ./Middlewares/Third_Party/FreeRTOS/Source/portable/GCC/ARM_CM4F/port.o
 .debug_line    0x0000000000016d1b      0x8ab ./Middlewares/Third_Party/FreeRTOS/Source/portable/MemMang/heap_4.o

.debug_str      0x0000000000000000    0xc117d
 .debug_str     0x0000000000000000    0xb9147 ./Core/Src/main.o
                                      0xb9b9f (size before relaxing)
 .debug_str     0x00000000000b9147      0x5f3 ./Core/Src/stm32f3xx_hal_msp.o
                                      0xb0637 (size before relaxing)
 .debug_str     0x00000000000b973a       0x98 ./Core/Src/stm32f3xx_hal_timebase_tim.o
                                      0xb078b (size before relaxing)
 .debug_str     0x00000000000b97d2       0x92 ./Core/Src/stm32f3xx_it.o
                                      0xb0294 (size before relaxing)
 .debug_str     0x00000000000b9864      0x3c1 ./Core/Src/sysmem.o
                                       0x62ad (size before relaxing)
 .debug_str     0x00000000000b9c25       0xbd ./Core/Src/system_stm32f3xx.o
                                      0xafdf3 (size before relaxing)
 .debug_str     0x00000000000b9ce2       0x36 ./Core/Startup/startup_stm32f303vctx.o
                                         0x7e (size before relaxing)
 .debug_str     0x00000000000b9d18      0x2cc ./Drivers/STM32F3xx_HAL_Driver/Src/stm32f3xx_hal.o
                                      0xb058f (size before relaxing)
 .debug_str     0x00000000000b9fe4      0x3aa ./Drivers/STM32F3xx_HAL_Driver/Src/stm32f3xx_hal_cortex.o
                                      0xb069d (size before relaxing)
 .debug_str     0x00000000000ba38e      0x185 ./Drivers/STM32F3xx_HAL_Driver/Src/stm32f3xx_hal_gpio.o
                                      0xaff9e (size before relaxing)
 .debug_str     0x00000000000ba513      0x2db ./Drivers/STM32F3xx_HAL_Driver/Src/stm32f3xx_hal_rcc.o
                                      0xb0261 (size before relaxing)
 .debug_str     0x00000000000ba7ee       0xd8 ./Drivers/STM32F3xx_HAL_Driver/Src/stm32f3xx_hal_rcc_ex.o