cs43l22.c:135:10:cs43l22_Init	32	static
cs43l22.c:219:6:cs43l22_DeInit	8	static
cs43l22.c:230:10:cs43l22_ReadID	24	static
cs43l22.c:248:10:cs43l22_Play	24	static
cs43l22.c:274:10:cs43l22_Pause	24	static
cs43l22.c:293:10:cs43l22_Resume	24	static
cs43l22.c:321:10:cs43l22_Stop	24	static
cs43l22.c:345:10:cs43l22_SetVolume	24	static
cs43l22.c:372:10:cs43l22_SetFrequency	16	static
cs43l22.c:384:10:cs43l22_SetMute	24	static
cs43l22.c:413:10:cs43l22_SetOutputMode	24	static
cs43l22.c:452:10:cs43l22_Reset	16	static
cs43l22.c:464:16:CODEC_IO_Write	24	static
