ili9325.c:122:6:ili9325_Init	8	static
ili9325.c:215:6:ili9325_DisplayOn	8	static
ili9325.c:240:6:ili9325_DisplayOff	8	static
ili9325.c:259:10:ili9325_GetLcdPixelWidth	4	static
ili9325.c:269:10:ili9325_GetLcdPixelHeight	4	static
ili9325.c:279:10:ili9325_ReadID	8	static
ili9325.c:291:6:ili9325_SetCursor	16	static
ili9325.c:304:6:ili9325_WritePixel	16	static
ili9325.c:321:10:ili9325_ReadPixel	16	static
ili9325.c:342:6:ili9325_WriteReg	16	static
ili9325.c:355:10:ili9325_ReadReg	16	static
ili9325.c:372:6:ili9325_SetDisplayWindow	24	static
ili9325.c:393:6:ili9325_DrawHLine	32	static
ili9325.c:420:6:ili9325_DrawVLine	32	static
ili9325.c:457:6:ili9325_DrawBitmap	24	static
ili9325.c:496:6:ili9325_DrawRGBImage	32	static
