core_cm4.h:1688:22:void __NVIC_EnableIRQ(IRQn_Type)	16	static
core_cm4.h:1816:22:void __NVIC_SetPriority(IRQn_Type, uint32_t)	16	static
main.cpp:104:6:void UART4_IRQHandler()	72	static
main.cpp:180:6:void delay_us(uint16_t)	16	static
main.cpp:186:6:void UART_GPIO_output_at_9600bps(LabGPIO_X*, char*)	24	static
main.cpp:239:6:void UART_GPIO_Thread(void*)	88	static
main.cpp:268:6:void UART4_TX_Thread_Blocking(void*)	64	static
main.cpp:291:6:void UART4_TX_Thread_NonBlocking(void*)	64	static
main.cpp:325:6:void UART4_RX_Thread_Blocking(void*)	56	static
main.cpp:366:6:void UART4_RX_Thread_NonBlocking(void*)	56	static
main.cpp:397:6:void AJ_GPIO_Init()	136	static
main.cpp:435:5:int main()	128	static
main.cpp:536:6:void SystemClock_Config()	128	static
main.cpp:579:13:void MX_USART1_UART_Init()	8	static
main.cpp:614:13:void MX_GPIO_Init()	16	static
main.cpp:633:6:void StartDefaultTask(void*)	24	static
main.cpp:656:6:void HAL_TIM_PeriodElapsedCallback(TIM_HandleTypeDef*)	16	static
main.cpp:673:6:void Error_Handler()	4	static,ignoring_inline_asm
